Component: ARM Compiler 5.06 update 7 (build 960) Tool: armlink [4d3601]

==============================================================================

Section Cross References

    startup.o(RESET) refers to startup.o(STACK) for StackMem
    startup.o(RESET) refers to os.o(i.SysTick_Handler) for SysTick_Handler
    startup.o(RESET) refers to uart0int.o(i.UART0_Handler) for UART0_Handler
    startup.o(RESET) refers to os.o(i.GPIOPortF_Handler) for GPIOPortF_Handler
    startup.o(RESET) refers to timer4a.o(i.Timer4A_Handler) for Timer4A_Handler
    startup.o(RESET) refers to wtimer0a.o(i.WideTimer0A_Handler) for WideTimer0A_Handler
    startup.o(RESET) refers to entry.o(.ARM.Collect$$$$00000000) for __main
    lab1.o(i.DAStask) refers to adc.o(i.ADC_In) for ADC_In
    lab1.o(i.DAStask) refers to lpf.o(i.Median) for Median
    lab1.o(i.DAStask) refers to irdistance.o(i.IRDistance_Convert) for IRDistance_Convert
    lab1.o(i.DAStask) refers to lab1.o(.data) for ADCdata
    lab1.o(i.main) refers to pll.o(i.PLL_Init) for PLL_Init
    lab1.o(i.main) refers to uart0int.o(i.UART_Init) for UART_Init
    lab1.o(i.main) refers to st7735.o(i.ST7735_InitR) for ST7735_InitR
    lab1.o(i.main) refers to launchpad.o(i.LaunchPad_Init) for LaunchPad_Init
    lab1.o(i.main) refers to adc.o(i.ADC_Init) for ADC_Init
    lab1.o(i.main) refers to timer4a.o(i.Timer4A_Init) for Timer4A_Init
    lab1.o(i.main) refers to os.o(i.OS_ClearMsTime) for OS_ClearMsTime
    lab1.o(i.main) refers to startup.o(.text) for EnableInterrupts
    lab1.o(i.main) refers to interpreter.o(i.Interpreter) for Interpreter
    lab1.o(i.main) refers to lab1.o(i.DAStask) for DAStask
    os.o(i.OS_EndRedirectToFile) refers to efile.o(i.eFile_WClose) for eFile_WClose
    os.o(i.OS_EndRedirectToFile) refers to os.o(.data) for StreamToDevice
    os.o(i.OS_Kill) refers to startup.o(.text) for EnableInterrupts
    os.o(i.OS_RedirectToFile) refers to efile.o(i.eFile_Create) for eFile_Create
    os.o(i.OS_RedirectToFile) refers to efile.o(i.eFile_WOpen) for eFile_WOpen
    os.o(i.OS_RedirectToFile) refers to os.o(.data) for StreamToDevice
    os.o(i.OS_RedirectToUART) refers to os.o(.data) for StreamToDevice
    os.o(i.fgetc) refers to uart0int.o(i.UART_InChar) for UART_InChar
    os.o(i.fgetc) refers to uart0int.o(i.UART_OutChar) for UART_OutChar
    os.o(i.fputc) refers to efile.o(i.eFile_Write) for eFile_Write
    os.o(i.fputc) refers to os.o(i.OS_EndRedirectToFile) for OS_EndRedirectToFile
    os.o(i.fputc) refers to uart0int.o(i.UART_OutChar) for UART_OutChar
    os.o(i.fputc) refers to os.o(.data) for StreamToDevice
    launchpad.o(i.LaunchPad_WaitForRelease) refers to launchpad.o(i.DelayMs) for DelayMs
    launchpad.o(i.LaunchPad_WaitForTouch) refers to launchpad.o(i.DelayMs) for DelayMs
    st7735.o(i.ST7735_DrawBitmap) refers to st7735.o(i.setAddrWindow) for setAddrWindow
    st7735.o(i.ST7735_DrawBitmap) refers to st7735.o(i.writedata) for writedata
    st7735.o(i.ST7735_DrawBitmap) refers to st7735.o(.data) for _width
    st7735.o(i.ST7735_DrawChar) refers to st7735.o(i.setAddrWindow) for setAddrWindow
    st7735.o(i.ST7735_DrawChar) refers to st7735.o(i.pushColor) for pushColor
    st7735.o(i.ST7735_DrawChar) refers to st7735.o(.data) for _width
    st7735.o(i.ST7735_DrawChar) refers to st7735.o(.constdata) for Font
    st7735.o(i.ST7735_DrawCharS) refers to st7735.o(i.ST7735_DrawPixel) for ST7735_DrawPixel
    st7735.o(i.ST7735_DrawCharS) refers to st7735.o(i.ST7735_FillRect) for ST7735_FillRect
    st7735.o(i.ST7735_DrawCharS) refers to st7735.o(.data) for _width
    st7735.o(i.ST7735_DrawCharS) refers to st7735.o(.constdata) for Font
    st7735.o(i.ST7735_DrawCircle) refers to st7735.o(i.setAddrWindow) for setAddrWindow
    st7735.o(i.ST7735_DrawCircle) refers to st7735.o(i.writedata) for writedata
    st7735.o(i.ST7735_DrawCircle) refers to st7735.o(.data) for _width
    st7735.o(i.ST7735_DrawCircle) refers to st7735.o(.constdata) for circle
    st7735.o(i.ST7735_DrawFastHLine) refers to st7735.o(i.setAddrWindow) for setAddrWindow
    st7735.o(i.ST7735_DrawFastHLine) refers to st7735.o(i.writedata) for writedata
    st7735.o(i.ST7735_DrawFastHLine) refers to st7735.o(.data) for _width
    st7735.o(i.ST7735_DrawFastVLine) refers to st7735.o(i.setAddrWindow) for setAddrWindow
    st7735.o(i.ST7735_DrawFastVLine) refers to st7735.o(i.writedata) for writedata
    st7735.o(i.ST7735_DrawFastVLine) refers to st7735.o(.data) for _width
    st7735.o(i.ST7735_DrawPixel) refers to st7735.o(i.setAddrWindow) for setAddrWindow
    st7735.o(i.ST7735_DrawPixel) refers to st7735.o(i.pushColor) for pushColor
    st7735.o(i.ST7735_DrawPixel) refers to st7735.o(.data) for _width
    st7735.o(i.ST7735_DrawSmallCircle) refers to st7735.o(i.setAddrWindow) for setAddrWindow
    st7735.o(i.ST7735_DrawSmallCircle) refers to st7735.o(i.writedata) for writedata
    st7735.o(i.ST7735_DrawSmallCircle) refers to st7735.o(.data) for _width
    st7735.o(i.ST7735_DrawSmallCircle) refers to st7735.o(.constdata) for smallCircle
    st7735.o(i.ST7735_DrawString) refers to st7735.o(i.ST7735_DrawCharS) for ST7735_DrawCharS
    st7735.o(i.ST7735_FillRect) refers to st7735.o(i.setAddrWindow) for setAddrWindow
    st7735.o(i.ST7735_FillRect) refers to st7735.o(i.writedata) for writedata
    st7735.o(i.ST7735_FillRect) refers to st7735.o(.data) for _width
    st7735.o(i.ST7735_FillScreen) refers to st7735.o(i.ST7735_FillRect) for ST7735_FillRect
    st7735.o(i.ST7735_FillScreen) refers to st7735.o(.data) for _height
    st7735.o(i.ST7735_InitB) refers to st7735.o(i.commonInit) for commonInit
    st7735.o(i.ST7735_InitB) refers to st7735.o(i.ST7735_SetCursor) for ST7735_SetCursor
    st7735.o(i.ST7735_InitB) refers to st7735.o(i.ST7735_FillScreen) for ST7735_FillScreen
    st7735.o(i.ST7735_InitB) refers to os.o(i.OS_InitSemaphore) for OS_InitSemaphore
    st7735.o(i.ST7735_InitB) refers to st7735.o(.constdata) for Bcmd
    st7735.o(i.ST7735_InitB) refers to st7735.o(.data) for StTextColor
    st7735.o(i.ST7735_InitR) refers to st7735.o(i.commonInit) for commonInit
    st7735.o(i.ST7735_InitR) refers to st7735.o(i.commandList) for commandList
    st7735.o(i.ST7735_InitR) refers to st7735.o(i.writecommand) for writecommand
    st7735.o(i.ST7735_InitR) refers to st7735.o(i.writedata) for writedata
    st7735.o(i.ST7735_InitR) refers to st7735.o(i.ST7735_SetCursor) for ST7735_SetCursor
    st7735.o(i.ST7735_InitR) refers to st7735.o(i.ST7735_FillScreen) for ST7735_FillScreen
    st7735.o(i.ST7735_InitR) refers to os.o(i.OS_InitSemaphore) for OS_InitSemaphore
    st7735.o(i.ST7735_InitR) refers to st7735.o(.constdata) for Rcmd1
    st7735.o(i.ST7735_InitR) refers to st7735.o(.data) for ColStart
    st7735.o(i.ST7735_InvertDisplay) refers to st7735.o(i.writecommand) for writecommand
    st7735.o(i.ST7735_OutChar) refers to st7735.o(i.ST7735_DrawString) for ST7735_DrawString
    st7735.o(i.ST7735_OutChar) refers to st7735.o(i.ST7735_DrawCharS) for ST7735_DrawCharS
    st7735.o(i.ST7735_OutChar) refers to st7735.o(.data) for StY
    st7735.o(i.ST7735_OutString) refers to st7735.o(i.ST7735_OutChar) for ST7735_OutChar
    st7735.o(i.ST7735_OutUDec) refers to st7735.o(i.fillmessage) for fillmessage
    st7735.o(i.ST7735_OutUDec) refers to st7735.o(i.ST7735_DrawString) for ST7735_DrawString
    st7735.o(i.ST7735_OutUDec) refers to st7735.o(i.ST7735_DrawCharS) for ST7735_DrawCharS
    st7735.o(i.ST7735_OutUDec) refers to st7735.o(.data) for Messageindex
    st7735.o(i.ST7735_OutUDec) refers to st7735.o(.bss) for Message
    st7735.o(i.ST7735_OutUDec2) refers to st7735.o(i.fillmessage) for fillmessage
    st7735.o(i.ST7735_OutUDec2) refers to st7735.o(i.ST7735_DrawString) for ST7735_DrawString
    st7735.o(i.ST7735_OutUDec2) refers to st7735.o(.data) for Messageindex
    st7735.o(i.ST7735_OutUDec2) refers to st7735.o(.bss) for Message
    st7735.o(i.ST7735_OutUDec4) refers to st7735.o(i.fillmessage4) for fillmessage4
    st7735.o(i.ST7735_OutUDec4) refers to st7735.o(i.ST7735_DrawString) for ST7735_DrawString
    st7735.o(i.ST7735_OutUDec4) refers to st7735.o(i.ST7735_DrawCharS) for ST7735_DrawCharS
    st7735.o(i.ST7735_OutUDec4) refers to st7735.o(.data) for Messageindex
    st7735.o(i.ST7735_OutUDec4) refers to st7735.o(.bss) for Message
    st7735.o(i.ST7735_OutUDec5) refers to st7735.o(i.fillmessage5) for fillmessage5
    st7735.o(i.ST7735_OutUDec5) refers to st7735.o(i.ST7735_DrawString) for ST7735_DrawString
    st7735.o(i.ST7735_OutUDec5) refers to st7735.o(i.ST7735_DrawCharS) for ST7735_DrawCharS
    st7735.o(i.ST7735_OutUDec5) refers to st7735.o(.data) for Messageindex
    st7735.o(i.ST7735_OutUDec5) refers to st7735.o(.bss) for Message
    st7735.o(i.ST7735_PlotBar) refers to st7735.o(i.ST7735_DrawFastVLine) for ST7735_DrawFastVLine
    st7735.o(i.ST7735_PlotBar) refers to st7735.o(.data) for Ymin
    st7735.o(i.ST7735_PlotClear) refers to st7735.o(i.ST7735_Color565) for ST7735_Color565
    st7735.o(i.ST7735_PlotClear) refers to st7735.o(i.ST7735_FillRect) for ST7735_FillRect
    st7735.o(i.ST7735_PlotClear) refers to st7735.o(.data) for Ymax
    st7735.o(i.ST7735_PlotLine) refers to st7735.o(i.ST7735_DrawPixel) for ST7735_DrawPixel
    st7735.o(i.ST7735_PlotLine) refers to st7735.o(.data) for Ymin
    st7735.o(i.ST7735_PlotNext) refers to st7735.o(.data) for X
    st7735.o(i.ST7735_PlotNextErase) refers to st7735.o(i.ST7735_Color565) for ST7735_Color565
    st7735.o(i.ST7735_PlotNextErase) refers to st7735.o(i.ST7735_DrawFastVLine) for ST7735_DrawFastVLine
    st7735.o(i.ST7735_PlotNextErase) refers to st7735.o(.data) for X
    st7735.o(i.ST7735_PlotPoint) refers to st7735.o(i.ST7735_DrawPixel) for ST7735_DrawPixel
    st7735.o(i.ST7735_PlotPoint) refers to st7735.o(.data) for Ymin
    st7735.o(i.ST7735_PlotPoints) refers to st7735.o(i.ST7735_DrawPixel) for ST7735_DrawPixel
    st7735.o(i.ST7735_PlotPoints) refers to st7735.o(.data) for Ymin
    st7735.o(i.ST7735_PlotdBfs) refers to st7735.o(i.ST7735_DrawFastVLine) for ST7735_DrawFastVLine
    st7735.o(i.ST7735_PlotdBfs) refers to st7735.o(.constdata) for dBfs
    st7735.o(i.ST7735_PlotdBfs) refers to st7735.o(.data) for X
    st7735.o(i.ST7735_SetCursor) refers to st7735.o(.data) for StX
    st7735.o(i.ST7735_SetRotation) refers to st7735.o(i.writecommand) for writecommand
    st7735.o(i.ST7735_SetRotation) refers to st7735.o(i.writedata) for writedata
    st7735.o(i.ST7735_SetRotation) refers to st7735.o(.data) for Rotation
    st7735.o(i.ST7735_SetTextColor) refers to st7735.o(.data) for StTextColor
    st7735.o(i.commandList) refers to st7735.o(i.writecommand) for writecommand
    st7735.o(i.commandList) refers to st7735.o(i.writedata) for writedata
    st7735.o(i.commandList) refers to st7735.o(i.Delay1ms) for Delay1ms
    st7735.o(i.commonInit) refers to edisk.o(i.CS_Init) for CS_Init
    st7735.o(i.commonInit) refers to st7735.o(i.Delay1ms) for Delay1ms
    st7735.o(i.commonInit) refers to st7735.o(i.commandList) for commandList
    st7735.o(i.commonInit) refers to st7735.o(.data) for RowStart
    st7735.o(i.fillmessage) refers to st7735.o(.bss) for Message
    st7735.o(i.fillmessage) refers to st7735.o(.data) for Messageindex
    st7735.o(i.fillmessage4) refers to st7735.o(i.fillmessage) for fillmessage
    st7735.o(i.fillmessage4) refers to st7735.o(.data) for Messageindex
    st7735.o(i.fillmessage4) refers to st7735.o(.bss) for Message
    st7735.o(i.fillmessage5) refers to st7735.o(i.fillmessage) for fillmessage
    st7735.o(i.fillmessage5) refers to st7735.o(.data) for Messageindex
    st7735.o(i.fillmessage5) refers to st7735.o(.bss) for Message
    st7735.o(i.pushColor) refers to st7735.o(i.writedata) for writedata
    st7735.o(i.setAddrWindow) refers to st7735.o(i.writecommand) for writecommand
    st7735.o(i.setAddrWindow) refers to st7735.o(i.writedata) for writedata
    st7735.o(i.setAddrWindow) refers to st7735.o(.data) for ColStart
    uart0int.o(i.Fixed_Fix2Str) refers to strcpy.o(.text) for strcpy
    uart0int.o(i.RxFifo_Get) refers to uart0int.o(.data) for RxPutI
    uart0int.o(i.RxFifo_Get) refers to uart0int.o(.bss) for RxFifo
    uart0int.o(i.RxFifo_Init) refers to uart0int.o(.data) for RxGetI
    uart0int.o(i.RxFifo_Put) refers to uart0int.o(.data) for RxPutI
    uart0int.o(i.RxFifo_Put) refers to uart0int.o(.bss) for RxFifo
    uart0int.o(i.RxFifo_Size) refers to uart0int.o(.data) for RxPutI
    uart0int.o(i.TxFifo_Get) refers to uart0int.o(.data) for TxPutI
    uart0int.o(i.TxFifo_Get) refers to uart0int.o(.bss) for TxFifo
    uart0int.o(i.TxFifo_Init) refers to uart0int.o(.data) for TxGetI
    uart0int.o(i.TxFifo_Put) refers to uart0int.o(.data) for TxPutI
    uart0int.o(i.TxFifo_Put) refers to uart0int.o(.bss) for TxFifo
    uart0int.o(i.TxFifo_Size) refers to uart0int.o(.data) for TxPutI
    uart0int.o(i.UART0_Handler) refers to uart0int.o(i.copySoftwareToHardware) for copySoftwareToHardware
    uart0int.o(i.UART0_Handler) refers to uart0int.o(i.TxFifo_Size) for TxFifo_Size
    uart0int.o(i.UART0_Handler) refers to uart0int.o(i.copyHardwareToSoftware) for copyHardwareToSoftware
    uart0int.o(i.UART_Fix2) refers to uart0int.o(i.Fixed_Fix2Str) for Fixed_Fix2Str
    uart0int.o(i.UART_Fix2) refers to uart0int.o(i.UART_OutString) for UART_OutString
    uart0int.o(i.UART_InChar) refers to uart0int.o(i.RxFifo_Get) for RxFifo_Get
    uart0int.o(i.UART_InCharNonBlock) refers to uart0int.o(i.RxFifo_Get) for RxFifo_Get
    uart0int.o(i.UART_InString) refers to uart0int.o(i.UART_InChar) for UART_InChar
    uart0int.o(i.UART_InString) refers to uart0int.o(i.UART_OutChar) for UART_OutChar
    uart0int.o(i.UART_InUDec) refers to uart0int.o(i.UART_InChar) for UART_InChar
    uart0int.o(i.UART_InUDec) refers to uart0int.o(i.UART_OutChar) for UART_OutChar
    uart0int.o(i.UART_InUHex) refers to uart0int.o(i.UART_InChar) for UART_InChar
    uart0int.o(i.UART_InUHex) refers to uart0int.o(i.UART_OutChar) for UART_OutChar
    uart0int.o(i.UART_Init) refers to uart0int.o(i.RxFifo_Init) for RxFifo_Init
    uart0int.o(i.UART_Init) refers to uart0int.o(i.TxFifo_Init) for TxFifo_Init
    uart0int.o(i.UART_OutChar) refers to uart0int.o(i.TxFifo_Put) for TxFifo_Put
    uart0int.o(i.UART_OutChar) refers to uart0int.o(i.copySoftwareToHardware) for copySoftwareToHardware
    uart0int.o(i.UART_OutCharNonBlock) refers to uart0int.o(i.TxFifo_Put) for TxFifo_Put
    uart0int.o(i.UART_OutCharNonBlock) refers to uart0int.o(i.copySoftwareToHardware) for copySoftwareToHardware
    uart0int.o(i.UART_OutSDec) refers to uart0int.o(i.UART_OutChar) for UART_OutChar
    uart0int.o(i.UART_OutSDec) refers to uart0int.o(i.UART_OutUDec) for UART_OutUDec
    uart0int.o(i.UART_OutString) refers to uart0int.o(i.UART_OutChar) for UART_OutChar
    uart0int.o(i.UART_OutUDec) refers to uart0int.o(i.UART_OutChar) for UART_OutChar
    uart0int.o(i.UART_OutUHex) refers to uart0int.o(i.UART_OutChar) for UART_OutChar
    uart0int.o(i.copyHardwareToSoftware) refers to uart0int.o(i.RxFifo_Put) for RxFifo_Put
    uart0int.o(i.copyHardwareToSoftware) refers to uart0int.o(i.RxFifo_Size) for RxFifo_Size
    uart0int.o(i.copySoftwareToHardware) refers to uart0int.o(i.TxFifo_Get) for TxFifo_Get
    uart0int.o(i.copySoftwareToHardware) refers to uart0int.o(i.TxFifo_Size) for TxFifo_Size
    adcswtrigger.o(i.ADC0_InSeq2) refers to adcswtrigger.o(.data) for UserTask2
    adcswtrigger.o(i.ADC0_InitSWTriggerSeq2) refers to adcswtrigger.o(.data) for UserTask2
    lpf.o(i.Filter) refers to lpf.o(.data) for n
    lpf.o(i.Filter) refers to lpf.o(.bss) for x
    lpf.o(i.LPF_Calc) refers to lpf.o(.data) for I1
    lpf.o(i.LPF_Calc) refers to lpf.o(.bss) for x1
    lpf.o(i.LPF_Calc2) refers to lpf.o(.data) for I2
    lpf.o(i.LPF_Calc2) refers to lpf.o(.bss) for x2
    lpf.o(i.LPF_Calc3) refers to lpf.o(.data) for I3
    lpf.o(i.LPF_Calc3) refers to lpf.o(.bss) for x3
    lpf.o(i.LPF_Calc4) refers to lpf.o(.data) for I4
    lpf.o(i.LPF_Calc4) refers to lpf.o(.bss) for x4
    lpf.o(i.LPF_Calc5) refers to lpf.o(.data) for I5
    lpf.o(i.LPF_Calc5) refers to lpf.o(.bss) for x5
    lpf.o(i.LPF_Calc6) refers to lpf.o(.data) for I6
    lpf.o(i.LPF_Calc6) refers to lpf.o(.bss) for x6
    lpf.o(i.LPF_Calc7) refers to lpf.o(.data) for I7
    lpf.o(i.LPF_Calc7) refers to lpf.o(.bss) for x7
    lpf.o(i.LPF_Init) refers to lpf.o(.data) for Size1
    lpf.o(i.LPF_Init) refers to lpf.o(.bss) for x1
    lpf.o(i.LPF_Init2) refers to lpf.o(.data) for Size2
    lpf.o(i.LPF_Init2) refers to lpf.o(.bss) for x2
    lpf.o(i.LPF_Init3) refers to lpf.o(.data) for Size3
    lpf.o(i.LPF_Init3) refers to lpf.o(.bss) for x3
    lpf.o(i.LPF_Init4) refers to lpf.o(.data) for Size4
    lpf.o(i.LPF_Init4) refers to lpf.o(.bss) for x4
    lpf.o(i.LPF_Init5) refers to lpf.o(.data) for Size5
    lpf.o(i.LPF_Init5) refers to lpf.o(.bss) for x5
    lpf.o(i.LPF_Init6) refers to lpf.o(.data) for Size6
    lpf.o(i.LPF_Init6) refers to lpf.o(.bss) for x6
    lpf.o(i.LPF_Init7) refers to lpf.o(.data) for Size7
    lpf.o(i.LPF_Init7) refers to lpf.o(.bss) for x7
    lpf.o(i.Median) refers to lpf.o(.data) for u2
    lpf.o(i.Noise) refers to lpf.o(i.sqrt2) for sqrt2
    lpf.o(i.Noise) refers to lpf.o(.data) for Size1
    lpf.o(i.Noise) refers to lpf.o(.bss) for x1
    lpf.o(i.Noise2) refers to lpf.o(i.sqrt2) for sqrt2
    lpf.o(i.Noise2) refers to lpf.o(.data) for Size2
    lpf.o(i.Noise2) refers to lpf.o(.bss) for x2
    lpf.o(i.Noise3) refers to lpf.o(i.sqrt2) for sqrt2
    lpf.o(i.Noise3) refers to lpf.o(.data) for Size3
    lpf.o(i.Noise3) refers to lpf.o(.bss) for x3
    lpf.o(i.Noise4) refers to lpf.o(i.sqrt2) for sqrt2
    lpf.o(i.Noise4) refers to lpf.o(.data) for Size4
    lpf.o(i.Noise4) refers to lpf.o(.bss) for x4
    lpf.o(i.Noise5) refers to lpf.o(i.sqrt2) for sqrt2
    lpf.o(i.Noise5) refers to lpf.o(.data) for Size5
    lpf.o(i.Noise5) refers to lpf.o(.bss) for x5
    lpf.o(i.Noise6) refers to lpf.o(i.sqrt2) for sqrt2
    lpf.o(i.Noise6) refers to lpf.o(.data) for Size6
    lpf.o(i.Noise6) refers to lpf.o(.bss) for x6
    lpf.o(i.Noise7) refers to lpf.o(i.sqrt2) for sqrt2
    lpf.o(i.Noise7) refers to lpf.o(.data) for Size7
    lpf.o(i.Noise7) refers to lpf.o(.bss) for x7
    irdistance.o(i.IRDistance_Convert) refers to irdistance.o(.constdata) for IRmax
    timer4a.o(i.Timer4A_Handler) refers to timer4a.o(.data) for PeriodicTask4
    timer4a.o(i.Timer4A_Init) refers to timer4a.o(.data) for PeriodicTask4
    wtimer0a.o(i.WideTimer0A_Handler) refers to wtimer0a.o(.data) for WidePeriodicTask0
    wtimer0a.o(i.WideTimer0A_Init) refers to wtimer0a.o(.data) for WidePeriodicTask0
    edisk.o(i.SSI0_Init) refers to edisk.o(i.CS_Init) for CS_Init
    edisk.o(i.deselect) refers to edisk.o(i.xchg_spi) for xchg_spi
    edisk.o(i.disk_ioctl) refers to edisk.o(i.select) for select
    edisk.o(i.disk_ioctl) refers to edisk.o(i.send_cmd) for send_cmd
    edisk.o(i.disk_ioctl) refers to edisk.o(i.rcvr_datablock) for rcvr_datablock
    edisk.o(i.disk_ioctl) refers to edisk.o(i.xchg_spi) for xchg_spi
    edisk.o(i.disk_ioctl) refers to edisk.o(i.wait_ready) for wait_ready
    edisk.o(i.disk_ioctl) refers to edisk.o(i.deselect) for deselect
    edisk.o(i.disk_ioctl) refers to edisk.o(.data) for Stat
    edisk.o(i.disk_timerproc) refers to edisk.o(.data) for Timer1
    edisk.o(i.eDisk_Init) refers to edisk.o(i.init_spi) for init_spi
    edisk.o(i.eDisk_Init) refers to edisk.o(i.xchg_spi) for xchg_spi
    edisk.o(i.eDisk_Init) refers to edisk.o(i.send_cmd) for send_cmd
    edisk.o(i.eDisk_Init) refers to edisk.o(i.deselect) for deselect
    edisk.o(i.eDisk_Init) refers to edisk.o(.data) for Stat
    edisk.o(i.eDisk_Read) refers to edisk.o(i.send_cmd) for send_cmd
    edisk.o(i.eDisk_Read) refers to edisk.o(i.rcvr_datablock) for rcvr_datablock
    edisk.o(i.eDisk_Read) refers to edisk.o(i.deselect) for deselect
    edisk.o(i.eDisk_Read) refers to edisk.o(.data) for Stat
    edisk.o(i.eDisk_ReadBlock) refers to edisk.o(i.eDisk_Read) for eDisk_Read
    edisk.o(i.eDisk_Status) refers to edisk.o(.data) for Stat
    edisk.o(i.eDisk_Write) refers to edisk.o(i.send_cmd) for send_cmd
    edisk.o(i.eDisk_Write) refers to edisk.o(i.xmit_datablock) for xmit_datablock
    edisk.o(i.eDisk_Write) refers to edisk.o(i.deselect) for deselect
    edisk.o(i.eDisk_Write) refers to edisk.o(.data) for Stat
    edisk.o(i.eDisk_WriteBlock) refers to edisk.o(i.eDisk_Write) for eDisk_Write
    edisk.o(i.init_spi) refers to edisk.o(i.SSI0_Init) for SSI0_Init
    edisk.o(i.init_spi) refers to edisk.o(.data) for Timer1
    edisk.o(i.rcvr_datablock) refers to edisk.o(i.xchg_spi) for xchg_spi
    edisk.o(i.rcvr_datablock) refers to edisk.o(i.rcvr_spi_multi) for rcvr_spi_multi
    edisk.o(i.rcvr_datablock) refers to edisk.o(.data) for Timer1
    edisk.o(i.rcvr_spi_multi) refers to edisk.o(i.rcvr_spi) for rcvr_spi
    edisk.o(i.select) refers to edisk.o(i.xchg_spi) for xchg_spi
    edisk.o(i.select) refers to edisk.o(i.wait_ready) for wait_ready
    edisk.o(i.select) refers to edisk.o(i.deselect) for deselect
    edisk.o(i.send_cmd) refers to edisk.o(i.deselect) for deselect
    edisk.o(i.send_cmd) refers to edisk.o(i.select) for select
    edisk.o(i.send_cmd) refers to edisk.o(i.xchg_spi) for xchg_spi
    edisk.o(i.wait_ready) refers to edisk.o(i.xchg_spi) for xchg_spi
    edisk.o(i.wait_ready) refers to edisk.o(.data) for Timer2
    edisk.o(i.xmit_datablock) refers to edisk.o(i.wait_ready) for wait_ready
    edisk.o(i.xmit_datablock) refers to edisk.o(i.xchg_spi) for xchg_spi
    edisk.o(i.xmit_datablock) refers to edisk.o(i.xmit_spi_multi) for xmit_spi_multi
    adc.o(i.ADC_In) refers to adcswtrigger.o(i.ADC0_InSeq3) for ADC0_InSeq3
    adc.o(i.ADC_Init) refers to startup.o(.text) for DisableInterrupts
    entry.o(.ARM.Collect$$$$00000000) refers (Special) to entry10a.o(.ARM.Collect$$$$0000000F) for __rt_final_cpp
    entry.o(.ARM.Collect$$$$00000000) refers (Special) to entry11a.o(.ARM.Collect$$$$00000011) for __rt_final_exit
    entry.o(.ARM.Collect$$$$00000000) refers (Special) to entry12b.o(.ARM.Collect$$$$0000000E) for __rt_lib_shutdown_fini
    entry.o(.ARM.Collect$$$$00000000) refers (Special) to entry7b.o(.ARM.Collect$$$$00000008) for _main_clock
    entry.o(.ARM.Collect$$$$00000000) refers (Special) to entry8b.o(.ARM.Collect$$$$0000000A) for _main_cpp_init
    entry.o(.ARM.Collect$$$$00000000) refers (Special) to entry9a.o(.ARM.Collect$$$$0000000B) for _main_init
    entry.o(.ARM.Collect$$$$00000000) refers (Special) to entry5.o(.ARM.Collect$$$$00000004) for _main_scatterload
    entry.o(.ARM.Collect$$$$00000000) refers (Special) to entry2.o(.ARM.Collect$$$$00000001) for _main_stk
    entry2.o(.ARM.Collect$$$$00000001) refers to entry2.o(.ARM.Collect$$$$00002712) for __lit__00000000
    entry2.o(.ARM.Collect$$$$00002712) refers to startup.o(STACK) for __initial_sp
    entry2.o(__vectab_stack_and_reset_area) refers to startup.o(STACK) for __initial_sp
    entry2.o(__vectab_stack_and_reset_area) refers to entry.o(.ARM.Collect$$$$00000000) for __main
    entry5.o(.ARM.Collect$$$$00000004) refers to init.o(.text) for __scatterload
    entry9a.o(.ARM.Collect$$$$0000000B) refers to lab1.o(i.main) for main
    entry9b.o(.ARM.Collect$$$$0000000C) refers to lab1.o(i.main) for main
    init.o(.text) refers to entry5.o(.ARM.Collect$$$$00000004) for __main_after_scatterload


==============================================================================

Removing Unused input sections from the image.

    Removing startup.o(HEAP), (0 bytes).
    Removing os.o(i.OS_AddPeriodicThread), (6 bytes).
    Removing os.o(i.OS_AddProcess), (10 bytes).
    Removing os.o(i.OS_AddSW1Task), (6 bytes).
    Removing os.o(i.OS_AddSW2Task), (6 bytes).
    Removing os.o(i.OS_AddThread), (6 bytes).
    Removing os.o(i.OS_EndRedirectToFile), (28 bytes).
    Removing os.o(i.OS_Fifo_Get), (4 bytes).
    Removing os.o(i.OS_Fifo_Init), (2 bytes).
    Removing os.o(i.OS_Fifo_Put), (6 bytes).
    Removing os.o(i.OS_Fifo_Size), (4 bytes).
    Removing os.o(i.OS_Id), (4 bytes).
    Removing os.o(i.OS_Init), (2 bytes).
    Removing os.o(i.OS_Kill), (8 bytes).
    Removing os.o(i.OS_Launch), (2 bytes).
    Removing os.o(i.OS_LockScheduler), (4 bytes).
    Removing os.o(i.OS_MailBox_Init), (2 bytes).
    Removing os.o(i.OS_MailBox_Recv), (4 bytes).
    Removing os.o(i.OS_MailBox_Send), (2 bytes).
    Removing os.o(i.OS_MsTime), (4 bytes).
    Removing os.o(i.OS_RedirectToFile), (36 bytes).
    Removing os.o(i.OS_RedirectToST7735), (4 bytes).
    Removing os.o(i.OS_RedirectToUART), (12 bytes).
    Removing os.o(i.OS_Signal), (2 bytes).
    Removing os.o(i.OS_Sleep), (2 bytes).
    Removing os.o(i.OS_Suspend), (2 bytes).
    Removing os.o(i.OS_Time), (4 bytes).
    Removing os.o(i.OS_TimeDifference), (6 bytes).
    Removing os.o(i.OS_UnLockScheduler), (2 bytes).
    Removing os.o(i.OS_Wait), (2 bytes).
    Removing os.o(i.OS_bSignal), (2 bytes).
    Removing os.o(i.OS_bWait), (2 bytes).
    Removing os.o(i.SysTick_Init), (2 bytes).
    Removing os.o(i.fgetc), (20 bytes).
    Removing os.o(i.fputc), (48 bytes).
    Removing os.o(.bss), (256 bytes).
    Removing os.o(.constdata), (4 bytes).
    Removing os.o(.data), (8 bytes).
    Removing interpreter.o(i.Jitter), (2 bytes).
    Removing launchpad.o(i.DelayMs), (32 bytes).
    Removing launchpad.o(i.LaunchPad_Input), (24 bytes).
    Removing launchpad.o(i.LaunchPad_Output), (12 bytes).
    Removing launchpad.o(i.LaunchPad_WaitForRelease), (56 bytes).
    Removing launchpad.o(i.LaunchPad_WaitForTouch), (32 bytes).
    Removing st7735.o(i.ST7735_Color565), (24 bytes).
    Removing st7735.o(i.ST7735_DrawBitmap), (288 bytes).
    Removing st7735.o(i.ST7735_DrawChar), (272 bytes).
    Removing st7735.o(i.ST7735_DrawCharS), (248 bytes).
    Removing st7735.o(i.ST7735_DrawCircle), (168 bytes).
    Removing st7735.o(i.ST7735_DrawFastHLine), (124 bytes).
    Removing st7735.o(i.ST7735_DrawFastVLine), (124 bytes).
    Removing st7735.o(i.ST7735_DrawPixel), (72 bytes).
    Removing st7735.o(i.ST7735_DrawSmallCircle), (168 bytes).
    Removing st7735.o(i.ST7735_DrawString), (86 bytes).
    Removing st7735.o(i.ST7735_InitB), (52 bytes).
    Removing st7735.o(i.ST7735_InvertDisplay), (22 bytes).
    Removing st7735.o(i.ST7735_Message), (2 bytes).
    Removing st7735.o(i.ST7735_OutChar), (212 bytes).
    Removing st7735.o(i.ST7735_OutString), (24 bytes).
    Removing st7735.o(i.ST7735_OutUDec), (140 bytes).
    Removing st7735.o(i.ST7735_OutUDec2), (80 bytes).
    Removing st7735.o(i.ST7735_OutUDec4), (140 bytes).
    Removing st7735.o(i.ST7735_OutUDec5), (140 bytes).
    Removing st7735.o(i.ST7735_PlotBar), (88 bytes).
    Removing st7735.o(i.ST7735_PlotClear), (92 bytes).
    Removing st7735.o(i.ST7735_PlotLine), (264 bytes).
    Removing st7735.o(i.ST7735_PlotNext), (32 bytes).
    Removing st7735.o(i.ST7735_PlotNextErase), (64 bytes).
    Removing st7735.o(i.ST7735_PlotPoint), (152 bytes).
    Removing st7735.o(i.ST7735_PlotPoints), (172 bytes).
    Removing st7735.o(i.ST7735_PlotdBfs), (60 bytes).
    Removing st7735.o(i.ST7735_SetRotation), (212 bytes).
    Removing st7735.o(i.ST7735_SetTextColor), (12 bytes).
    Removing st7735.o(i.ST7735_SwapColor), (18 bytes).
    Removing st7735.o(i.fillmessage), (72 bytes).
    Removing st7735.o(i.fillmessage4), (100 bytes).
    Removing st7735.o(i.fillmessage5), (128 bytes).
    Removing st7735.o(i.pushColor), (18 bytes).
    Removing st7735.o(.bss), (12 bytes).
    Removing uart0int.o(i.Fixed_Fix2Str), (252 bytes).
    Removing uart0int.o(i.RxFifo_Get), (60 bytes).
    Removing uart0int.o(i.TxFifo_Put), (60 bytes).
    Removing uart0int.o(i.UART_Fix2), (20 bytes).
    Removing uart0int.o(i.UART_InChar), (20 bytes).
    Removing uart0int.o(i.UART_InCharNonBlock), (20 bytes).
    Removing uart0int.o(i.UART_InString), (70 bytes).
    Removing uart0int.o(i.UART_InUDec), (76 bytes).
    Removing uart0int.o(i.UART_InUHex), (108 bytes).
    Removing uart0int.o(i.UART_OutChar), (52 bytes).
    Removing uart0int.o(i.UART_OutCharNonBlock), (52 bytes).
    Removing uart0int.o(i.UART_OutSDec), (24 bytes).
    Removing uart0int.o(i.UART_OutString), (24 bytes).
    Removing uart0int.o(i.UART_OutUDec), (42 bytes).
    Removing uart0int.o(i.UART_OutUHex), (52 bytes).
    Removing adcswtrigger.o(i.ADC0_InSeq2), (80 bytes).
    Removing adcswtrigger.o(i.ADC0_InSeq3_InternalTemperature), (64 bytes).
    Removing adcswtrigger.o(i.ADC0_InitSWTriggerSeq2), (224 bytes).
    Removing adcswtrigger.o(i.ADC0_InitSWTriggerSeq3), (1016 bytes).
    Removing adcswtrigger.o(i.ADC0_InitSWTriggerSeq3_Ch7), (248 bytes).
    Removing adcswtrigger.o(i.ADC0_InitSWTriggerSeq3_Ch9), (248 bytes).
    Removing adcswtrigger.o(i.ADC0_InitSWTriggerSeq3_InternalTemperature), (128 bytes).
    Removing adcswtrigger.o(i.ADC_In3210), (80 bytes).
    Removing adcswtrigger.o(i.ADC_In89), (56 bytes).
    Removing adcswtrigger.o(i.ADC_Init3210), (248 bytes).
    Removing adcswtrigger.o(i.ADC_Init89), (220 bytes).
    Removing adcswtrigger.o(.data), (4 bytes).
    Removing lpf.o(i.Filter), (200 bytes).
    Removing lpf.o(i.LPF_Calc), (92 bytes).
    Removing lpf.o(i.LPF_Calc2), (92 bytes).
    Removing lpf.o(i.LPF_Calc3), (92 bytes).
    Removing lpf.o(i.LPF_Calc4), (92 bytes).
    Removing lpf.o(i.LPF_Calc5), (92 bytes).
    Removing lpf.o(i.LPF_Calc6), (92 bytes).
    Removing lpf.o(i.LPF_Calc7), (92 bytes).
    Removing lpf.o(i.LPF_Init), (72 bytes).
    Removing lpf.o(i.LPF_Init2), (72 bytes).
    Removing lpf.o(i.LPF_Init3), (72 bytes).
    Removing lpf.o(i.LPF_Init4), (72 bytes).
    Removing lpf.o(i.LPF_Init5), (72 bytes).
    Removing lpf.o(i.LPF_Init6), (72 bytes).
    Removing lpf.o(i.LPF_Init7), (72 bytes).
    Removing lpf.o(i.Noise), (136 bytes).
    Removing lpf.o(i.Noise2), (136 bytes).
    Removing lpf.o(i.Noise3), (136 bytes).
    Removing lpf.o(i.Noise4), (136 bytes).
    Removing lpf.o(i.Noise5), (136 bytes).
    Removing lpf.o(i.Noise6), (136 bytes).
    Removing lpf.o(i.Noise7), (136 bytes).
    Removing lpf.o(i.sqrt2), (32 bytes).
    Removing lpf.o(.bss), (496 bytes).
    Removing timer4a.o(i.Timer4A_Stop), (24 bytes).
    Removing wtimer0a.o(i.WideTimer0A_Init), (100 bytes).
    Removing wtimer0a.o(i.WideTimer0_Stop), (24 bytes).
    Removing edisk.o(i.SSI0_Init), (332 bytes).
    Removing edisk.o(i.deselect), (20 bytes).
    Removing edisk.o(i.disk_ioctl), (552 bytes).
    Removing edisk.o(i.disk_timerproc), (64 bytes).
    Removing edisk.o(i.eDisk_Init), (348 bytes).
    Removing edisk.o(i.eDisk_Read), (144 bytes).
    Removing edisk.o(i.eDisk_ReadBlock), (20 bytes).
    Removing edisk.o(i.eDisk_Status), (20 bytes).
    Removing edisk.o(i.eDisk_Write), (180 bytes).
    Removing edisk.o(i.eDisk_WriteBlock), (20 bytes).
    Removing edisk.o(i.init_spi), (40 bytes).
    Removing edisk.o(i.rcvr_datablock), (72 bytes).
    Removing edisk.o(i.rcvr_spi), (48 bytes).
    Removing edisk.o(i.rcvr_spi_multi), (24 bytes).
    Removing edisk.o(i.select), (48 bytes).
    Removing edisk.o(i.send_cmd), (150 bytes).
    Removing edisk.o(i.wait_ready), (48 bytes).
    Removing edisk.o(i.xchg_spi), (56 bytes).
    Removing edisk.o(i.xmit_datablock), (76 bytes).
    Removing edisk.o(i.xmit_spi_multi), (48 bytes).
    Removing edisk.o(.data), (13 bytes).
    Removing efile.o(i.eFile_Create), (6 bytes).
    Removing efile.o(i.eFile_DClose), (4 bytes).
    Removing efile.o(i.eFile_DOpen), (6 bytes).
    Removing efile.o(i.eFile_Delete), (6 bytes).
    Removing efile.o(i.eFile_DirNext), (6 bytes).
    Removing efile.o(i.eFile_Format), (4 bytes).
    Removing efile.o(i.eFile_Init), (4 bytes).
    Removing efile.o(i.eFile_Mount), (4 bytes).
    Removing efile.o(i.eFile_RClose), (4 bytes).
    Removing efile.o(i.eFile_ROpen), (6 bytes).
    Removing efile.o(i.eFile_ReadNext), (6 bytes).
    Removing efile.o(i.eFile_Unmount), (4 bytes).
    Removing efile.o(i.eFile_WClose), (4 bytes).
    Removing efile.o(i.eFile_WOpen), (6 bytes).
    Removing efile.o(i.eFile_Write), (6 bytes).

169 unused section(s) (total 13487 bytes) removed from the image.

==============================================================================

Image Symbol Table

    Local Symbols

    Symbol Name                              Value     Ov Type        Size  Object(Section)

    RESET                                    0x00000000   Section      644  startup.o(RESET)
    ../clib/microlib/init/entry.s            0x00000000   Number         0  entry8a.o ABSOLUTE
    ../clib/microlib/init/entry.s            0x00000000   Number         0  entry.o ABSOLUTE
    ../clib/microlib/init/entry.s            0x00000000   Number         0  entry9a.o ABSOLUTE
    ../clib/microlib/init/entry.s            0x00000000   Number         0  entry10b.o ABSOLUTE
    ../clib/microlib/init/entry.s            0x00000000   Number         0  entry11a.o ABSOLUTE
    ../clib/microlib/init/entry.s            0x00000000   Number         0  entry9b.o ABSOLUTE
    ../clib/microlib/init/entry.s            0x00000000   Number         0  entry7b.o ABSOLUTE
    ../clib/microlib/init/entry.s            0x00000000   Number         0  entry8b.o ABSOLUTE
    ../clib/microlib/init/entry.s            0x00000000   Number         0  entry11b.o ABSOLUTE
    ../clib/microlib/init/entry.s            0x00000000   Number         0  entry2.o ABSOLUTE
    ../clib/microlib/init/entry.s            0x00000000   Number         0  entry12a.o ABSOLUTE
    ../clib/microlib/init/entry.s            0x00000000   Number         0  entry5.o ABSOLUTE
    ../clib/microlib/init/entry.s            0x00000000   Number         0  entry10a.o ABSOLUTE
    ../clib/microlib/init/entry.s            0x00000000   Number         0  entry7a.o ABSOLUTE
    ../clib/microlib/init/entry.s            0x00000000   Number         0  entry12b.o ABSOLUTE
    ../clib/microlib/string/strcpy.c         0x00000000   Number         0  strcpy.o ABSOLUTE
    ..\RTOS_Labs_common\ADC.c                0x00000000   Number         0  adc.o ABSOLUTE
    ..\RTOS_Labs_common\Interpreter.c        0x00000000   Number         0  interpreter.o ABSOLUTE
    ..\RTOS_Labs_common\OS.c                 0x00000000   Number         0  os.o ABSOLUTE
    ..\RTOS_Labs_common\ST7735.c             0x00000000   Number         0  st7735.o ABSOLUTE
    ..\RTOS_Labs_common\UART0int.c           0x00000000   Number         0  uart0int.o ABSOLUTE
    ..\RTOS_Labs_common\eDisk.c              0x00000000   Number         0  edisk.o ABSOLUTE
    ..\RTOS_Labs_common\efile.c              0x00000000   Number         0  efile.o ABSOLUTE
    ..\inc\ADCSWTrigger.c                    0x00000000   Number         0  adcswtrigger.o ABSOLUTE
    ..\inc\IRDistance.c                      0x00000000   Number         0  irdistance.o ABSOLUTE
    ..\inc\LPF.c                             0x00000000   Number         0  lpf.o ABSOLUTE
    ..\inc\LaunchPad.c                       0x00000000   Number         0  launchpad.o ABSOLUTE
    ..\inc\PLL.c                             0x00000000   Number         0  pll.o ABSOLUTE
    ..\inc\Timer4A.c                         0x00000000   Number         0  timer4a.o ABSOLUTE
    ..\inc\WTimer0A.c                        0x00000000   Number         0  wtimer0a.o ABSOLUTE
    Lab1.c                                   0x00000000   Number         0  lab1.o ABSOLUTE
    dc.s                                     0x00000000   Number         0  dc.o ABSOLUTE
    handlers.s                               0x00000000   Number         0  handlers.o ABSOLUTE
    init.s                                   0x00000000   Number         0  init.o ABSOLUTE
    startup.s                                0x00000000   Number         0  startup.o ABSOLUTE
    .ARM.Collect$$$$00000000                 0x00000284   Section        0  entry.o(.ARM.Collect$$$$00000000)
    .ARM.Collect$$$$00000001                 0x00000284   Section        4  entry2.o(.ARM.Collect$$$$00000001)
    .ARM.Collect$$$$00000004                 0x00000288   Section        4  entry5.o(.ARM.Collect$$$$00000004)
    .ARM.Collect$$$$00000008                 0x0000028c   Section        0  entry7b.o(.ARM.Collect$$$$00000008)
    .ARM.Collect$$$$0000000A                 0x0000028c   Section        0  entry8b.o(.ARM.Collect$$$$0000000A)
    .ARM.Collect$$$$0000000B                 0x0000028c   Section        8  entry9a.o(.ARM.Collect$$$$0000000B)
    .ARM.Collect$$$$0000000E                 0x00000294   Section        4  entry12b.o(.ARM.Collect$$$$0000000E)
    .ARM.Collect$$$$0000000F                 0x00000298   Section        0  entry10a.o(.ARM.Collect$$$$0000000F)
    .ARM.Collect$$$$00000011                 0x00000298   Section        0  entry11a.o(.ARM.Collect$$$$00000011)
    .ARM.Collect$$$$00002712                 0x00000298   Section        4  entry2.o(.ARM.Collect$$$$00002712)
    __lit__00000000                          0x00000298   Data           4  entry2.o(.ARM.Collect$$$$00002712)
    .text                                    0x0000029c   Section       28  startup.o(.text)
    .text                                    0x000002b8   Section       36  init.o(.text)
    i.ADC0_InSeq3                            0x000002dc   Section        0  adcswtrigger.o(i.ADC0_InSeq3)
    i.ADC_In                                 0x00000308   Section        0  adc.o(i.ADC_In)
    i.ADC_Init                               0x0000032c   Section        0  adc.o(i.ADC_Init)
    i.CS_Init                                0x000003a8   Section        0  edisk.o(i.CS_Init)
    i.DAStask                                0x00000434   Section        0  lab1.o(i.DAStask)
    i.Delay1ms                               0x0000049c   Section        0  st7735.o(i.Delay1ms)
    i.GPIOPortF_Handler                      0x000004bc   Section        0  os.o(i.GPIOPortF_Handler)
    i.IRDistance_Convert                     0x000004c0   Section        0  irdistance.o(i.IRDistance_Convert)
    i.Interpreter                            0x00000500   Section        0  interpreter.o(i.Interpreter)
    i.LaunchPad_Init                         0x00000504   Section        0  launchpad.o(i.LaunchPad_Init)
    i.Median                                 0x00000560   Section        0  lpf.o(i.Median)
    i.OS_ClearMsTime                         0x000005e0   Section        0  os.o(i.OS_ClearMsTime)
    i.OS_InitSemaphore                       0x000005e2   Section        0  os.o(i.OS_InitSemaphore)
    i.PLL_Init                               0x000005e4   Section        0  pll.o(i.PLL_Init)
    i.RxFifo_Init                            0x00000660   Section        0  uart0int.o(i.RxFifo_Init)
    i.RxFifo_Put                             0x00000674   Section        0  uart0int.o(i.RxFifo_Put)
    i.RxFifo_Size                            0x000006b0   Section        0  uart0int.o(i.RxFifo_Size)
    i.ST7735_FillRect                        0x000006c8   Section        0  st7735.o(i.ST7735_FillRect)
    i.ST7735_FillScreen                      0x00000774   Section        0  st7735.o(i.ST7735_FillScreen)
    i.ST7735_InitR                           0x00000798   Section        0  st7735.o(i.ST7735_InitR)
    i.ST7735_SetCursor                       0x00000820   Section        0  st7735.o(i.ST7735_SetCursor)
    i.SysTick_Handler                        0x00000840   Section        0  os.o(i.SysTick_Handler)
    i.Timer4A_Handler                        0x00000844   Section        0  timer4a.o(i.Timer4A_Handler)
    i.Timer4A_Init                           0x0000085c   Section        0  timer4a.o(i.Timer4A_Init)
    i.TxFifo_Get                             0x000008bc   Section        0  uart0int.o(i.TxFifo_Get)
    i.TxFifo_Init                            0x000008f8   Section        0  uart0int.o(i.TxFifo_Init)
    i.TxFifo_Size                            0x0000090c   Section        0  uart0int.o(i.TxFifo_Size)
    i.UART0_Handler                          0x00000924   Section        0  uart0int.o(i.UART0_Handler)
    i.UART_Init                              0x0000097c   Section        0  uart0int.o(i.UART_Init)
    i.WideTimer0A_Handler                    0x00000a44   Section        0  wtimer0a.o(i.WideTimer0A_Handler)
    i.__scatterload_copy                     0x00000a5c   Section       14  handlers.o(i.__scatterload_copy)
    i.__scatterload_null                     0x00000a6a   Section        2  handlers.o(i.__scatterload_null)
    i.__scatterload_zeroinit                 0x00000a6c   Section       14  handlers.o(i.__scatterload_zeroinit)
    i.commandList                            0x00000a7a   Section        0  st7735.o(i.commandList)
    commandList                              0x00000a7b   Thumb Code    86  st7735.o(i.commandList)
    i.commonInit                             0x00000ad0   Section        0  st7735.o(i.commonInit)
    commonInit                               0x00000ad1   Thumb Code   346  st7735.o(i.commonInit)
    i.copyHardwareToSoftware                 0x00000c5c   Section        0  uart0int.o(i.copyHardwareToSoftware)
    copyHardwareToSoftware                   0x00000c5d   Thumb Code    40  uart0int.o(i.copyHardwareToSoftware)
    i.copySoftwareToHardware                 0x00000c88   Section        0  uart0int.o(i.copySoftwareToHardware)
    copySoftwareToHardware                   0x00000c89   Thumb Code    38  uart0int.o(i.copySoftwareToHardware)
    i.main                                   0x00000cb4   Section        0  lab1.o(i.main)
    i.setAddrWindow                          0x00000cf4   Section        0  st7735.o(i.setAddrWindow)
    setAddrWindow                            0x00000cf5   Thumb Code   106  st7735.o(i.setAddrWindow)
    i.writecommand                           0x00000d68   Section        0  st7735.o(i.writecommand)
    writecommand                             0x00000d69   Thumb Code    68  st7735.o(i.writecommand)
    i.writedata                              0x00000db8   Section        0  st7735.o(i.writedata)
    writedata                                0x00000db9   Thumb Code    70  st7735.o(i.writedata)
    .constdata                               0x00000e0c   Section     2114  st7735.o(.constdata)
    Font                                     0x00000e0c   Data        1275  st7735.o(.constdata)
    Bcmd                                     0x00001307   Data         103  st7735.o(.constdata)
    Rcmd1                                    0x0000136e   Data          59  st7735.o(.constdata)
    Rcmd2green                               0x000013a9   Data          13  st7735.o(.constdata)
    Rcmd2red                                 0x000013b6   Data          13  st7735.o(.constdata)
    Rcmd3                                    0x000013c3   Data          43  st7735.o(.constdata)
    .constdata                               0x00001650   Section       64  irdistance.o(.constdata)
    .data                                    0x20000000   Section       16  lab1.o(.data)
    .data                                    0x20000010   Section       48  st7735.o(.data)
    ColStart                                 0x2000001a   Data           1  st7735.o(.data)
    RowStart                                 0x2000001b   Data           1  st7735.o(.data)
    Rotation                                 0x2000001c   Data           1  st7735.o(.data)
    TabColor                                 0x2000001d   Data           1  st7735.o(.data)
    _width                                   0x2000001e   Data           2  st7735.o(.data)
    _height                                  0x20000020   Data           2  st7735.o(.data)
    .data                                    0x20000040   Section       16  uart0int.o(.data)
    .data                                    0x20000050   Section      156  lpf.o(.data)
    n                                        0x200000e8   Data           4  lpf.o(.data)
    .data                                    0x200000ec   Section        4  timer4a.o(.data)
    .data                                    0x200000f0   Section        4  wtimer0a.o(.data)
    .bss                                     0x200000f4   Section     2048  uart0int.o(.bss)
    RxFifo                                   0x200000f4   Data        1024  uart0int.o(.bss)
    TxFifo                                   0x200004f4   Data        1024  uart0int.o(.bss)
    STACK                                    0x200008f8   Section     1024  startup.o(STACK)
    StackMem                                 0x200008f8   Data           0  startup.o(STACK)

    Global Symbols

    Symbol Name                              Value     Ov Type        Size  Object(Section)

    BuildAttributes$$THM_ISAv4$E$P$D$K$B$S$7EM$PE$A:L22UL41UL21$X:L11$S22US41US21$IEEE1$IW$USESV6$~STKCKD$USESV7$~SHL$OSPACE$EBA8$MICROLIB$REQ8$PRES8$EABIv2 0x00000000   Number         0  anon$$obj.o ABSOLUTE
    __ARM_use_no_argv                        0x00000000   Number         0  lab1.o ABSOLUTE
    __Vectors                                0x00000000   Data           0  startup.o(RESET)
    __arm_fini_                               - Undefined Weak Reference
    __cpp_initialize__aeabi_                  - Undefined Weak Reference
    __cxa_finalize                            - Undefined Weak Reference
    __decompress                              - Undefined Weak Reference
    _clock_init                               - Undefined Weak Reference
    _microlib_exit                            - Undefined Weak Reference
    Reset_Handler                            0x0000026d   Thumb Code     0  startup.o(RESET)
    NMI_Handler                              0x00000271   Thumb Code     2  startup.o(RESET)
    HardFault_Handler                        0x00000273   Thumb Code     2  startup.o(RESET)
    MemManage_Handler                        0x00000275   Thumb Code     2  startup.o(RESET)
    BusFault_Handler                         0x00000277   Thumb Code     2  startup.o(RESET)
    UsageFault_Handler                       0x00000279   Thumb Code     2  startup.o(RESET)
    SVC_Handler                              0x0000027b   Thumb Code     2  startup.o(RESET)
    DebugMon_Handler                         0x0000027d   Thumb Code     2  startup.o(RESET)
    PendSV_Handler                           0x0000027f   Thumb Code     2  startup.o(RESET)
    ADC0Seq0_Handler                         0x00000283   Thumb Code     0  startup.o(RESET)
    ADC0Seq1_Handler                         0x00000283   Thumb Code     0  startup.o(RESET)
    ADC0Seq2_Handler                         0x00000283   Thumb Code     0  startup.o(RESET)
    ADC0Seq3_Handler                         0x00000283   Thumb Code     0  startup.o(RESET)
    ADC1Seq0_Handler                         0x00000283   Thumb Code     0  startup.o(RESET)
    ADC1Seq1_Handler                         0x00000283   Thumb Code     0  startup.o(RESET)
    ADC1Seq2_Handler                         0x00000283   Thumb Code     0  startup.o(RESET)
    ADC1Seq3_Handler                         0x00000283   Thumb Code     0  startup.o(RESET)
    CAN0_Handler                             0x00000283   Thumb Code     0  startup.o(RESET)
    CAN1_Handler                             0x00000283   Thumb Code     0  startup.o(RESET)
    CAN2_Handler                             0x00000283   Thumb Code     0  startup.o(RESET)
    Comp0_Handler                            0x00000283   Thumb Code     0  startup.o(RESET)
    Comp1_Handler                            0x00000283   Thumb Code     0  startup.o(RESET)
    Comp2_Handler                            0x00000283   Thumb Code     0  startup.o(RESET)
    Ethernet_Handler                         0x00000283   Thumb Code     0  startup.o(RESET)
    ExtBus_Handler                           0x00000283   Thumb Code     0  startup.o(RESET)
    FPU_Handler                              0x00000283   Thumb Code     0  startup.o(RESET)
    Fan0_Handler                             0x00000283   Thumb Code     0  startup.o(RESET)
    FlashCtl_Handler                         0x00000283   Thumb Code     0  startup.o(RESET)
    GPIOPortA_Handler                        0x00000283   Thumb Code     0  startup.o(RESET)
    GPIOPortB_Handler                        0x00000283   Thumb Code     0  startup.o(RESET)
    GPIOPortC_Handler                        0x00000283   Thumb Code     0  startup.o(RESET)
    GPIOPortD_Handler                        0x00000283   Thumb Code     0  startup.o(RESET)
    GPIOPortE_Handler                        0x00000283   Thumb Code     0  startup.o(RESET)
    GPIOPortG_Handler                        0x00000283   Thumb Code     0  startup.o(RESET)
    GPIOPortH_Handler                        0x00000283   Thumb Code     0  startup.o(RESET)
    GPIOPortJ_Handler                        0x00000283   Thumb Code     0  startup.o(RESET)
    GPIOPortK_Handler                        0x00000283   Thumb Code     0  startup.o(RESET)
    GPIOPortL_Handler                        0x00000283   Thumb Code     0  startup.o(RESET)
    GPIOPortM_Handler                        0x00000283   Thumb Code     0  startup.o(RESET)
    GPIOPortN_Handler                        0x00000283   Thumb Code     0  startup.o(RESET)
    GPIOPortP1_Handler                       0x00000283   Thumb Code     0  startup.o(RESET)
    GPIOPortP2_Handler                       0x00000283   Thumb Code     0  startup.o(RESET)
    GPIOPortP3_Handler                       0x00000283   Thumb Code     0  startup.o(RESET)
    GPIOPortP4_Handler                       0x00000283   Thumb Code     0  startup.o(RESET)
    GPIOPortP5_Handler                       0x00000283   Thumb Code     0  startup.o(RESET)
    GPIOPortP6_Handler                       0x00000283   Thumb Code     0  startup.o(RESET)
    GPIOPortP7_Handler                       0x00000283   Thumb Code     0  startup.o(RESET)
    GPIOPortP_Handler                        0x00000283   Thumb Code     0  startup.o(RESET)
    GPIOPortQ1_Handler                       0x00000283   Thumb Code     0  startup.o(RESET)
    GPIOPortQ2_Handler                       0x00000283   Thumb Code     0  startup.o(RESET)
    GPIOPortQ3_Handler                       0x00000283   Thumb Code     0  startup.o(RESET)
    GPIOPortQ4_Handler                       0x00000283   Thumb Code     0  startup.o(RESET)
    GPIOPortQ5_Handler                       0x00000283   Thumb Code     0  startup.o(RESET)
    GPIOPortQ6_Handler                       0x00000283   Thumb Code     0  startup.o(RESET)
    GPIOPortQ7_Handler                       0x00000283   Thumb Code     0  startup.o(RESET)
    GPIOPortQ_Handler                        0x00000283   Thumb Code     0  startup.o(RESET)
    GPIOPortR_Handler                        0x00000283   Thumb Code     0  startup.o(RESET)
    GPIOPortS_Handler                        0x00000283   Thumb Code     0  startup.o(RESET)
    Hibernate_Handler                        0x00000283   Thumb Code     0  startup.o(RESET)
    I2C0_Handler                             0x00000283   Thumb Code     0  startup.o(RESET)
    I2C1_Handler                             0x00000283   Thumb Code     0  startup.o(RESET)
    I2C2_Handler                             0x00000283   Thumb Code     0  startup.o(RESET)
    I2C3_Handler                             0x00000283   Thumb Code     0  startup.o(RESET)
    I2C4_Handler                             0x00000283   Thumb Code     0  startup.o(RESET)
    I2C5_Handler                             0x00000283   Thumb Code     0  startup.o(RESET)
    I2S0_Handler                             0x00000283   Thumb Code     0  startup.o(RESET)
    LPC0_Handler                             0x00000283   Thumb Code     0  startup.o(RESET)
    PECI0_Handler                            0x00000283   Thumb Code     0  startup.o(RESET)
    PWM0Fault_Handler                        0x00000283   Thumb Code     0  startup.o(RESET)
    PWM0Generator0_Handler                   0x00000283   Thumb Code     0  startup.o(RESET)
    PWM0Generator1_Handler                   0x00000283   Thumb Code     0  startup.o(RESET)
    PWM0Generator2_Handler                   0x00000283   Thumb Code     0  startup.o(RESET)
    PWM0Generator3_Handler                   0x00000283   Thumb Code     0  startup.o(RESET)
    PWM1Fault_Handler                        0x00000283   Thumb Code     0  startup.o(RESET)
    PWM1Generator0_Handler                   0x00000283   Thumb Code     0  startup.o(RESET)
    PWM1Generator1_Handler                   0x00000283   Thumb Code     0  startup.o(RESET)
    PWM1Generator2_Handler                   0x00000283   Thumb Code     0  startup.o(RESET)
    PWM1Generator3_Handler                   0x00000283   Thumb Code     0  startup.o(RESET)
    Quadrature0_Handler                      0x00000283   Thumb Code     0  startup.o(RESET)
    Quadrature1_Handler                      0x00000283   Thumb Code     0  startup.o(RESET)
    Quadrature2_Handler                      0x00000283   Thumb Code     0  startup.o(RESET)
    SSI0_Handler                             0x00000283   Thumb Code     0  startup.o(RESET)
    SSI1_Handler                             0x00000283   Thumb Code     0  startup.o(RESET)
    SSI2_Handler                             0x00000283   Thumb Code     0  startup.o(RESET)
    SSI3_Handler                             0x00000283   Thumb Code     0  startup.o(RESET)
    SysCtl_Handler                           0x00000283   Thumb Code     0  startup.o(RESET)
    Timer0A_Handler                          0x00000283   Thumb Code     0  startup.o(RESET)
    Timer0B_Handler                          0x00000283   Thumb Code     0  startup.o(RESET)
    Timer1A_Handler                          0x00000283   Thumb Code     0  startup.o(RESET)
    Timer1B_Handler                          0x00000283   Thumb Code     0  startup.o(RESET)
    Timer2A_Handler                          0x00000283   Thumb Code     0  startup.o(RESET)
    Timer2B_Handler                          0x00000283   Thumb Code     0  startup.o(RESET)
    Timer3A_Handler                          0x00000283   Thumb Code     0  startup.o(RESET)
    Timer3B_Handler                          0x00000283   Thumb Code     0  startup.o(RESET)
    Timer4B_Handler                          0x00000283   Thumb Code     0  startup.o(RESET)
    Timer5A_Handler                          0x00000283   Thumb Code     0  startup.o(RESET)
    Timer5B_Handler                          0x00000283   Thumb Code     0  startup.o(RESET)
    UART1_Handler                            0x00000283   Thumb Code     0  startup.o(RESET)
    UART2_Handler                            0x00000283   Thumb Code     0  startup.o(RESET)
    UART3_Handler                            0x00000283   Thumb Code     0  startup.o(RESET)
    UART4_Handler                            0x00000283   Thumb Code     0  startup.o(RESET)
    UART5_Handler                            0x00000283   Thumb Code     0  startup.o(RESET)
    UART6_Handler                            0x00000283   Thumb Code     0  startup.o(RESET)
    UART7_Handler                            0x00000283   Thumb Code     0  startup.o(RESET)
    USB0_Handler                             0x00000283   Thumb Code     0  startup.o(RESET)
    WDT_Handler                              0x00000283   Thumb Code     0  startup.o(RESET)
    WideTimer0B_Handler                      0x00000283   Thumb Code     0  startup.o(RESET)
    WideTimer1A_Handler                      0x00000283   Thumb Code     0  startup.o(RESET)
    WideTimer1B_Handler                      0x00000283   Thumb Code     0  startup.o(RESET)
    WideTimer2A_Handler                      0x00000283   Thumb Code     0  startup.o(RESET)
    WideTimer2B_Handler                      0x00000283   Thumb Code     0  startup.o(RESET)
    WideTimer3A_Handler                      0x00000283   Thumb Code     0  startup.o(RESET)
    WideTimer3B_Handler                      0x00000283   Thumb Code     0  startup.o(RESET)
    WideTimer4A_Handler                      0x00000283   Thumb Code     0  startup.o(RESET)
    WideTimer4B_Handler                      0x00000283   Thumb Code     0  startup.o(RESET)
    WideTimer5A_Handler                      0x00000283   Thumb Code     0  startup.o(RESET)
    WideTimer5B_Handler                      0x00000283   Thumb Code     0  startup.o(RESET)
    uDMA_Error                               0x00000283   Thumb Code     0  startup.o(RESET)
    uDMA_Handler                             0x00000283   Thumb Code     0  startup.o(RESET)
    __main                                   0x00000285   Thumb Code     0  entry.o(.ARM.Collect$$$$00000000)
    _main_stk                                0x00000285   Thumb Code     0  entry2.o(.ARM.Collect$$$$00000001)
    _main_scatterload                        0x00000289   Thumb Code     0  entry5.o(.ARM.Collect$$$$00000004)
    __main_after_scatterload                 0x0000028d   Thumb Code     0  entry5.o(.ARM.Collect$$$$00000004)
    _main_clock                              0x0000028d   Thumb Code     0  entry7b.o(.ARM.Collect$$$$00000008)
    _main_cpp_init                           0x0000028d   Thumb Code     0  entry8b.o(.ARM.Collect$$$$0000000A)
    _main_init                               0x0000028d   Thumb Code     0  entry9a.o(.ARM.Collect$$$$0000000B)
    __rt_lib_shutdown_fini                   0x00000295   Thumb Code     0  entry12b.o(.ARM.Collect$$$$0000000E)
    __rt_final_cpp                           0x00000299   Thumb Code     0  entry10a.o(.ARM.Collect$$$$0000000F)
    __rt_final_exit                          0x00000299   Thumb Code     0  entry11a.o(.ARM.Collect$$$$00000011)
    DisableInterrupts                        0x0000029d   Thumb Code     0  startup.o(.text)
    EnableInterrupts                         0x000002a1   Thumb Code     0  startup.o(.text)
    StartCritical                            0x000002a5   Thumb Code     0  startup.o(.text)
    EndCritical                              0x000002ad   Thumb Code     0  startup.o(.text)
    WaitForInterrupt                         0x000002b3   Thumb Code     0  startup.o(.text)
    __scatterload                            0x000002b9   Thumb Code    28  init.o(.text)
    __scatterload_rt2                        0x000002b9   Thumb Code     0  init.o(.text)
    ADC0_InSeq3                              0x000002dd   Thumb Code    38  adcswtrigger.o(i.ADC0_InSeq3)
    ADC_In                                   0x00000309   Thumb Code    26  adc.o(i.ADC_In)
    ADC_Init                                 0x0000032d   Thumb Code   102  adc.o(i.ADC_Init)
    CS_Init                                  0x000003a9   Thumb Code   118  edisk.o(i.CS_Init)
    DAStask                                  0x00000435   Thumb Code    84  lab1.o(i.DAStask)
    Delay1ms                                 0x0000049d   Thumb Code    32  st7735.o(i.Delay1ms)
    GPIOPortF_Handler                        0x000004bd   Thumb Code     2  os.o(i.GPIOPortF_Handler)
    IRDistance_Convert                       0x000004c1   Thumb Code    46  irdistance.o(i.IRDistance_Convert)
    Interpreter                              0x00000501   Thumb Code     4  interpreter.o(i.Interpreter)
    LaunchPad_Init                           0x00000505   Thumb Code    70  launchpad.o(i.LaunchPad_Init)
    Median                                   0x00000561   Thumb Code   114  lpf.o(i.Median)
    OS_ClearMsTime                           0x000005e1   Thumb Code     2  os.o(i.OS_ClearMsTime)
    OS_InitSemaphore                         0x000005e3   Thumb Code     2  os.o(i.OS_InitSemaphore)
    PLL_Init                                 0x000005e5   Thumb Code   120  pll.o(i.PLL_Init)
    RxFifo_Init                              0x00000661   Thumb Code    12  uart0int.o(i.RxFifo_Init)
    RxFifo_Put                               0x00000675   Thumb Code    48  uart0int.o(i.RxFifo_Put)
    RxFifo_Size                              0x000006b1   Thumb Code    14  uart0int.o(i.RxFifo_Size)
    ST7735_FillRect                          0x000006c9   Thumb Code   164  st7735.o(i.ST7735_FillRect)
    ST7735_FillScreen                        0x00000775   Thumb Code    28  st7735.o(i.ST7735_FillScreen)
    ST7735_InitR                             0x00000799   Thumb Code    98  st7735.o(i.ST7735_InitR)
    ST7735_SetCursor                         0x00000821   Thumb Code    22  st7735.o(i.ST7735_SetCursor)
    SysTick_Handler                          0x00000841   Thumb Code     2  os.o(i.SysTick_Handler)
    Timer4A_Handler                          0x00000845   Thumb Code    16  timer4a.o(i.Timer4A_Handler)
    Timer4A_Init                             0x0000085d   Thumb Code    74  timer4a.o(i.Timer4A_Init)
    TxFifo_Get                               0x000008bd   Thumb Code    46  uart0int.o(i.TxFifo_Get)
    TxFifo_Init                              0x000008f9   Thumb Code    12  uart0int.o(i.TxFifo_Init)
    TxFifo_Size                              0x0000090d   Thumb Code    14  uart0int.o(i.TxFifo_Size)
    UART0_Handler                            0x00000925   Thumb Code    82  uart0int.o(i.UART0_Handler)
    UART_Init                                0x0000097d   Thumb Code   174  uart0int.o(i.UART_Init)
    WideTimer0A_Handler                      0x00000a45   Thumb Code    16  wtimer0a.o(i.WideTimer0A_Handler)
    __scatterload_copy                       0x00000a5d   Thumb Code    14  handlers.o(i.__scatterload_copy)
    __scatterload_null                       0x00000a6b   Thumb Code     2  handlers.o(i.__scatterload_null)
    __scatterload_zeroinit                   0x00000a6d   Thumb Code    14  handlers.o(i.__scatterload_zeroinit)
    main                                     0x00000cb5   Thumb Code    54  lab1.o(i.main)
    smallCircle                              0x000013ee   Data          36  st7735.o(.constdata)
    circle                                   0x00001412   Data          60  st7735.o(.constdata)
    dBfs                                     0x0000144e   Data         512  st7735.o(.constdata)
    A                                        0x00001650   Data          16  irdistance.o(.constdata)
    B                                        0x00001660   Data          16  irdistance.o(.constdata)
    C                                        0x00001670   Data          16  irdistance.o(.constdata)
    IRmax                                    0x00001680   Data          16  irdistance.o(.constdata)
    Region$$Table$$Base                      0x00001690   Number         0  anon$$obj.o(Region$$Table)
    Region$$Table$$Limit                     0x000016b0   Number         0  anon$$obj.o(Region$$Table)
    ADCdata                                  0x20000000   Data           4  lab1.o(.data)
    FilterOutput                             0x20000004   Data           4  lab1.o(.data)
    Distance                                 0x20000008   Data           4  lab1.o(.data)
    FilterWork                               0x2000000c   Data           4  lab1.o(.data)
    StX                                      0x20000010   Data           4  st7735.o(.data)
    StY                                      0x20000014   Data           4  st7735.o(.data)
    StTextColor                              0x20000018   Data           2  st7735.o(.data)
    LCDFree                                  0x20000024   Data           4  st7735.o(.data)
    Messageindex                             0x20000028   Data           4  st7735.o(.data)
    Ymax                                     0x2000002c   Data           4  st7735.o(.data)
    Ymin                                     0x20000030   Data           4  st7735.o(.data)
    X                                        0x20000034   Data           4  st7735.o(.data)
    Yrange                                   0x20000038   Data           4  st7735.o(.data)
    lastj                                    0x2000003c   Data           4  st7735.o(.data)
    RxPutI                                   0x20000040   Data           4  uart0int.o(.data)
    RxGetI                                   0x20000044   Data           4  uart0int.o(.data)
    TxPutI                                   0x20000048   Data           4  uart0int.o(.data)
    TxGetI                                   0x2000004c   Data           4  uart0int.o(.data)
    Size1                                    0x20000050   Data           4  lpf.o(.data)
    I1                                       0x20000054   Data           4  lpf.o(.data)
    LPFSum1                                  0x20000058   Data           4  lpf.o(.data)
    sigma1                                   0x2000005c   Data           4  lpf.o(.data)
    snr1                                     0x20000060   Data           4  lpf.o(.data)
    Size2                                    0x20000064   Data           4  lpf.o(.data)
    I2                                       0x20000068   Data           4  lpf.o(.data)
    LPFSum2                                  0x2000006c   Data           4  lpf.o(.data)
    sigma2                                   0x20000070   Data           4  lpf.o(.data)
    snr2                                     0x20000074   Data           4  lpf.o(.data)
    Size3                                    0x20000078   Data           4  lpf.o(.data)
    I3                                       0x2000007c   Data           4  lpf.o(.data)
    LPFSum3                                  0x20000080   Data           4  lpf.o(.data)
    sigma3                                   0x20000084   Data           4  lpf.o(.data)
    snr3                                     0x20000088   Data           4  lpf.o(.data)
    Size4                                    0x2000008c   Data           4  lpf.o(.data)
    I4                                       0x20000090   Data           4  lpf.o(.data)
    LPFSum4                                  0x20000094   Data           4  lpf.o(.data)
    sigma4                                   0x20000098   Data           4  lpf.o(.data)
    snr4                                     0x2000009c   Data           4  lpf.o(.data)
    Size5                                    0x200000a0   Data           4  lpf.o(.data)
    I5                                       0x200000a4   Data           4  lpf.o(.data)
    LPFSum5                                  0x200000a8   Data           4  lpf.o(.data)
    sigma5                                   0x200000ac   Data           4  lpf.o(.data)
    snr5                                     0x200000b0   Data           4  lpf.o(.data)
    Size6                                    0x200000b4   Data           4  lpf.o(.data)
    I6                                       0x200000b8   Data           4  lpf.o(.data)
    LPFSum6                                  0x200000bc   Data           4  lpf.o(.data)
    sigma6                                   0x200000c0   Data           4  lpf.o(.data)
    snr6                                     0x200000c4   Data           4  lpf.o(.data)
    Size7                                    0x200000c8   Data           4  lpf.o(.data)
    I7                                       0x200000cc   Data           4  lpf.o(.data)
    LPFSum7                                  0x200000d0   Data           4  lpf.o(.data)
    sigma7                                   0x200000d4   Data           4  lpf.o(.data)
    snr7                                     0x200000d8   Data           4  lpf.o(.data)
    u1                                       0x200000dc   Data           4  lpf.o(.data)
    u2                                       0x200000e0   Data           4  lpf.o(.data)
    u3                                       0x200000e4   Data           4  lpf.o(.data)
    PeriodicTask4                            0x200000ec   Data           4  timer4a.o(.data)
    WidePeriodicTask0                        0x200000f0   Data           4  wtimer0a.o(.data)
    __initial_sp                             0x20000cf8   Data           0  startup.o(STACK)



==============================================================================

Memory Map of the image

  Image Entry point : 0x0000026d

  Load Region LR_1 (Base: 0x00000000, Size: 0x000017a4, Max: 0xffffffff, ABSOLUTE)

    Execution Region ER_RO (Exec base: 0x00000000, Load base: 0x00000000, Size: 0x000016b0, Max: 0xffffffff, ABSOLUTE)

    Exec Addr    Load Addr    Size         Type   Attr      Idx    E Section Name        Object

    0x00000000   0x00000000   0x00000284   Code   RO            3  * RESET               startup.o
    0x00000284   0x00000284   0x00000000   Code   RO         1407  * .ARM.Collect$$$$00000000  mc_w.l(entry.o)
    0x00000284   0x00000284   0x00000004   Code   RO         1412    .ARM.Collect$$$$00000001  mc_w.l(entry2.o)
    0x00000288   0x00000288   0x00000004   Code   RO         1415    .ARM.Collect$$$$00000004  mc_w.l(entry5.o)
    0x0000028c   0x0000028c   0x00000000   Code   RO         1417    .ARM.Collect$$$$00000008  mc_w.l(entry7b.o)
    0x0000028c   0x0000028c   0x00000000   Code   RO         1419    .ARM.Collect$$$$0000000A  mc_w.l(entry8b.o)
    0x0000028c   0x0000028c   0x00000008   Code   RO         1420    .ARM.Collect$$$$0000000B  mc_w.l(entry9a.o)
    0x00000294   0x00000294   0x00000004   Code   RO         1427    .ARM.Collect$$$$0000000E  mc_w.l(entry12b.o)
    0x00000298   0x00000298   0x00000000   Code   RO         1422    .ARM.Collect$$$$0000000F  mc_w.l(entry10a.o)
    0x00000298   0x00000298   0x00000000   Code   RO         1424    .ARM.Collect$$$$00000011  mc_w.l(entry11a.o)
    0x00000298   0x00000298   0x00000004   Code   RO         1413    .ARM.Collect$$$$00002712  mc_w.l(entry2.o)
    0x0000029c   0x0000029c   0x0000001c   Code   RO            4    .text               startup.o
    0x000002b8   0x000002b8   0x00000024   Code   RO         1428    .text               mc_w.l(init.o)
    0x000002dc   0x000002dc   0x0000002c   Code   RO          867    i.ADC0_InSeq3       adcswtrigger.o
    0x00000308   0x00000308   0x00000024   Code   RO         1389    i.ADC_In            adc.o
    0x0000032c   0x0000032c   0x0000007c   Code   RO         1390    i.ADC_Init          adc.o
    0x000003a8   0x000003a8   0x0000008c   Code   RO         1170    i.CS_Init           edisk.o
    0x00000434   0x00000434   0x00000068   Code   RO           12    i.DAStask           lab1.o
    0x0000049c   0x0000049c   0x00000020   Code   RO          433    i.Delay1ms          st7735.o
    0x000004bc   0x000004bc   0x00000002   Code   RO           70    i.GPIOPortF_Handler  os.o
    0x000004be   0x000004be   0x00000002   PAD
    0x000004c0   0x000004c0   0x00000040   Code   RO         1101    i.IRDistance_Convert  irdistance.o
    0x00000500   0x00000500   0x00000004   Code   RO          340    i.Interpreter       interpreter.o
    0x00000504   0x00000504   0x0000005c   Code   RO          369    i.LaunchPad_Init    launchpad.o
    0x00000560   0x00000560   0x00000080   Code   RO          962    i.Median            lpf.o
    0x000005e0   0x000005e0   0x00000002   Code   RO           76    i.OS_ClearMsTime    os.o
    0x000005e2   0x000005e2   0x00000002   Code   RO           84    i.OS_InitSemaphore  os.o
    0x000005e4   0x000005e4   0x0000007c   Code   RO          418    i.PLL_Init          pll.o
    0x00000660   0x00000660   0x00000014   Code   RO          704    i.RxFifo_Init       uart0int.o
    0x00000674   0x00000674   0x0000003c   Code   RO          705    i.RxFifo_Put        uart0int.o
    0x000006b0   0x000006b0   0x00000018   Code   RO          706    i.RxFifo_Size       uart0int.o
    0x000006c8   0x000006c8   0x000000ac   Code   RO          444    i.ST7735_FillRect   st7735.o
    0x00000774   0x00000774   0x00000024   Code   RO          445    i.ST7735_FillScreen  st7735.o
    0x00000798   0x00000798   0x00000088   Code   RO          447    i.ST7735_InitR      st7735.o
    0x00000820   0x00000820   0x00000020   Code   RO          464    i.ST7735_SetCursor  st7735.o
    0x00000840   0x00000840   0x00000002   Code   RO          104    i.SysTick_Handler   os.o
    0x00000842   0x00000842   0x00000002   PAD
    0x00000844   0x00000844   0x00000018   Code   RO         1116    i.Timer4A_Handler   timer4a.o
    0x0000085c   0x0000085c   0x00000060   Code   RO         1117    i.Timer4A_Init      timer4a.o
    0x000008bc   0x000008bc   0x0000003c   Code   RO          707    i.TxFifo_Get        uart0int.o
    0x000008f8   0x000008f8   0x00000014   Code   RO          708    i.TxFifo_Init       uart0int.o
    0x0000090c   0x0000090c   0x00000018   Code   RO          710    i.TxFifo_Size       uart0int.o
    0x00000924   0x00000924   0x00000058   Code   RO          711    i.UART0_Handler     uart0int.o
    0x0000097c   0x0000097c   0x000000c8   Code   RO          718    i.UART_Init         uart0int.o
    0x00000a44   0x00000a44   0x00000018   Code   RO         1143    i.WideTimer0A_Handler  wtimer0a.o
    0x00000a5c   0x00000a5c   0x0000000e   Code   RO         1432    i.__scatterload_copy  mc_w.l(handlers.o)
    0x00000a6a   0x00000a6a   0x00000002   Code   RO         1433    i.__scatterload_null  mc_w.l(handlers.o)
    0x00000a6c   0x00000a6c   0x0000000e   Code   RO         1434    i.__scatterload_zeroinit  mc_w.l(handlers.o)
    0x00000a7a   0x00000a7a   0x00000056   Code   RO          468    i.commandList       st7735.o
    0x00000ad0   0x00000ad0   0x0000018c   Code   RO          469    i.commonInit        st7735.o
    0x00000c5c   0x00000c5c   0x0000002c   Code   RO          725    i.copyHardwareToSoftware  uart0int.o
    0x00000c88   0x00000c88   0x0000002c   Code   RO          726    i.copySoftwareToHardware  uart0int.o
    0x00000cb4   0x00000cb4   0x00000040   Code   RO           13    i.main              lab1.o
    0x00000cf4   0x00000cf4   0x00000074   Code   RO          474    i.setAddrWindow     st7735.o
    0x00000d68   0x00000d68   0x00000050   Code   RO          475    i.writecommand      st7735.o
    0x00000db8   0x00000db8   0x00000054   Code   RO          476    i.writedata         st7735.o
    0x00000e0c   0x00000e0c   0x00000842   Data   RO          478    .constdata          st7735.o
    0x0000164e   0x0000164e   0x00000002   PAD
    0x00001650   0x00001650   0x00000040   Data   RO         1102    .constdata          irdistance.o
    0x00001690   0x00001690   0x00000020   Data   RO         1430    Region$$Table       anon$$obj.o


    Execution Region ER_RW (Exec base: 0x20000000, Load base: 0x000016b0, Size: 0x000000f4, Max: 0xffffffff, ABSOLUTE)

    Exec Addr    Load Addr    Size         Type   Attr      Idx    E Section Name        Object

    0x20000000   0x000016b0   0x00000010   Data   RW           14    .data               lab1.o
    0x20000010   0x000016c0   0x00000030   Data   RW          479    .data               st7735.o
    0x20000040   0x000016f0   0x00000010   Data   RW          728    .data               uart0int.o
    0x20000050   0x00001700   0x0000009c   Data   RW          972    .data               lpf.o
    0x200000ec   0x0000179c   0x00000004   Data   RW         1119    .data               timer4a.o
    0x200000f0   0x000017a0   0x00000004   Data   RW         1146    .data               wtimer0a.o


    Execution Region ER_ZI (Exec base: 0x200000f4, Load base: 0x000017a4, Size: 0x00000c04, Max: 0xffffffff, ABSOLUTE)

    Exec Addr    Load Addr    Size         Type   Attr      Idx    E Section Name        Object

    0x200000f4        -       0x00000800   Zero   RW          727    .bss                uart0int.o
    0x200008f4   0x000017a4   0x00000004   PAD
    0x200008f8        -       0x00000400   Zero   RW            1    STACK               startup.o


==============================================================================

Image component sizes


      Code (inc. data)   RO Data    RW Data    ZI Data      Debug   Object Name

       160         32          0          0          0       1576   adc.o
        44          6          0          0          0        486   adcswtrigger.o
       140         22          0          0          0        466   edisk.o
         4          0          0          0          0        442   interpreter.o
        64         18         64          0          0       1203   irdistance.o
       168         30          0         16          0       5736   lab1.o
        92         22          0          0          0        457   launchpad.o
       128         14          0        156          0       2909   lpf.o
         8          0          0          0          0       3742   os.o
       124          4          0          0          0        479   pll.o
      1170        150       2114         48          0      10055   st7735.o
       672        622          0          0       1024       1004   startup.o
       120         30          0          4          0       1621   timer4a.o
       584        104          0         16       2048       6480   uart0int.o
        24          8          0          4          0       1042   wtimer0a.o

    ----------------------------------------------------------------------
      3506       1062       2212        244       3076      37698   Object Totals
         0          0         32          0          0          0   (incl. Generated)
         4          0          2          0          4          0   (incl. Padding)

    ----------------------------------------------------------------------

      Code (inc. data)   RO Data    RW Data    ZI Data      Debug   Library Member Name

         0          0          0          0          0          0   entry.o
         0          0          0          0          0          0   entry10a.o
         0          0          0          0          0          0   entry11a.o
         4          0          0          0          0          0   entry12b.o
         8          4          0          0          0          0   entry2.o
         4          0          0          0          0          0   entry5.o
         0          0          0          0          0          0   entry7b.o
         0          0          0          0          0          0   entry8b.o
         8          4          0          0          0          0   entry9a.o
        30          0          0          0          0          0   handlers.o
        36          8          0          0          0         68   init.o

    ----------------------------------------------------------------------
        90         16          0          0          0         68   Library Totals
         0          0          0          0          0          0   (incl. Padding)

    ----------------------------------------------------------------------

      Code (inc. data)   RO Data    RW Data    ZI Data      Debug   Library Name

        90         16          0          0          0         68   mc_w.l

    ----------------------------------------------------------------------
        90         16          0          0          0         68   Library Totals

    ----------------------------------------------------------------------

==============================================================================


      Code (inc. data)   RO Data    RW Data    ZI Data      Debug   

      3596       1078       2212        244       3076      36202   Grand Totals
      3596       1078       2212        244       3076      36202   ELF Image Totals
      3596       1078       2212        244          0          0   ROM Totals

==============================================================================

    Total RO  Size (Code + RO Data)                 5808 (   5.67kB)
    Total RW  Size (RW Data + ZI Data)              3320 (   3.24kB)
    Total ROM Size (Code + RO Data + RW Data)       6052 (   5.91kB)

==============================================================================

