Component: ARM Compiler 5.06 update 7 (build 960) Tool: armlink [4d3601]

==============================================================================

Section Cross References

    startup.o(RESET) refers to startup.o(STACK) for StackMem
    startup.o(RESET) refers to os.o(i.SysTick_Handler) for SysTick_Handler
    startup.o(RESET) refers to uart0int.o(i.UART0_Handler) for UART0_Handler
    startup.o(RESET) refers to os.o(i.GPIOPortF_Handler) for GPIOPortF_Handler
    startup.o(RESET) refers to timer4a.o(i.Timer4A_Handler) for Timer4A_Handler
    startup.o(RESET) refers to timer5a.o(i.Timer5A_Handler) for Timer5A_Handler
    startup.o(RESET) refers to wtimer0a.o(i.WideTimer0A_Handler) for WideTimer0A_Handler
    startup.o(RESET) refers to entry.o(.ARM.Collect$$$$00000000) for __main
    lab1.o(i.DAStask) refers to adc.o(i.ADC_In) for ADC_In
    lab1.o(i.DAStask) refers to lpf.o(i.Median) for Median
    lab1.o(i.DAStask) refers to irdistance.o(i.IRDistance_Convert) for IRDistance_Convert
    lab1.o(i.DAStask) refers to lab1.o(.data) for ADCdata
    lab1.o(i.main) refers to pll.o(i.PLL_Init) for PLL_Init
    lab1.o(i.main) refers to uart0int.o(i.UART_Init) for UART_Init
    lab1.o(i.main) refers to st7735.o(i.ST7735_InitR) for ST7735_InitR
    lab1.o(i.main) refers to launchpad.o(i.LaunchPad_Init) for LaunchPad_Init
    lab1.o(i.main) refers to adc.o(i.ADC_Init) for ADC_Init
    lab1.o(i.main) refers to timer4a.o(i.Timer4A_Init) for Timer4A_Init
    lab1.o(i.main) refers to os.o(i.OS_ClearMsTime) for OS_ClearMsTime
    lab1.o(i.main) refers to startup.o(.text) for EnableInterrupts
    lab1.o(i.main) refers to os.o(i.OS_MsTime) for OS_MsTime
    lab1.o(i.main) refers to st7735.o(i.ST7735_Message) for ST7735_Message
    lab1.o(i.main) refers to lab1.o(i.DAStask) for DAStask
    os.o(i.OS_ClearMsTime) refers to timer5a.o(i.Timer5A_Init) for Timer5A_Init
    os.o(i.OS_ClearMsTime) refers to os.o(.data) for milliseconds
    os.o(i.OS_ClearMsTime) refers to os.o(i.incrementMS) for incrementMS
    os.o(i.OS_EndRedirectToFile) refers to efile.o(i.eFile_WClose) for eFile_WClose
    os.o(i.OS_EndRedirectToFile) refers to os.o(.data) for StreamToDevice
    os.o(i.OS_Kill) refers to startup.o(.text) for EnableInterrupts
    os.o(i.OS_MsTime) refers to os.o(.data) for milliseconds
    os.o(i.OS_RedirectToFile) refers to efile.o(i.eFile_Create) for eFile_Create
    os.o(i.OS_RedirectToFile) refers to efile.o(i.eFile_WOpen) for eFile_WOpen
    os.o(i.OS_RedirectToFile) refers to os.o(.data) for StreamToDevice
    os.o(i.OS_RedirectToUART) refers to os.o(.data) for StreamToDevice
    os.o(i.fgetc) refers to uart0int.o(i.UART_InChar) for UART_InChar
    os.o(i.fgetc) refers to uart0int.o(i.UART_OutChar) for UART_OutChar
    os.o(i.fputc) refers to efile.o(i.eFile_Write) for eFile_Write
    os.o(i.fputc) refers to os.o(i.OS_EndRedirectToFile) for OS_EndRedirectToFile
    os.o(i.fputc) refers to uart0int.o(i.UART_OutChar) for UART_OutChar
    os.o(i.fputc) refers to os.o(.data) for StreamToDevice
    os.o(i.incrementMS) refers to os.o(.data) for milliseconds
    launchpad.o(i.LaunchPad_WaitForRelease) refers to launchpad.o(i.DelayMs) for DelayMs
    launchpad.o(i.LaunchPad_WaitForTouch) refers to launchpad.o(i.DelayMs) for DelayMs
    st7735.o(i.ST7735_DrawBitmap) refers to st7735.o(i.setAddrWindow) for setAddrWindow
    st7735.o(i.ST7735_DrawBitmap) refers to st7735.o(i.writedata) for writedata
    st7735.o(i.ST7735_DrawBitmap) refers to st7735.o(.data) for _width
    st7735.o(i.ST7735_DrawChar) refers to st7735.o(i.setAddrWindow) for setAddrWindow
    st7735.o(i.ST7735_DrawChar) refers to st7735.o(i.pushColor) for pushColor
    st7735.o(i.ST7735_DrawChar) refers to st7735.o(.data) for _width
    st7735.o(i.ST7735_DrawChar) refers to st7735.o(.constdata) for Font
    st7735.o(i.ST7735_DrawCharS) refers to st7735.o(i.ST7735_DrawPixel) for ST7735_DrawPixel
    st7735.o(i.ST7735_DrawCharS) refers to st7735.o(i.ST7735_FillRect) for ST7735_FillRect
    st7735.o(i.ST7735_DrawCharS) refers to st7735.o(.data) for _width
    st7735.o(i.ST7735_DrawCharS) refers to st7735.o(.constdata) for Font
    st7735.o(i.ST7735_DrawCircle) refers to st7735.o(i.setAddrWindow) for setAddrWindow
    st7735.o(i.ST7735_DrawCircle) refers to st7735.o(i.writedata) for writedata
    st7735.o(i.ST7735_DrawCircle) refers to st7735.o(.data) for _width
    st7735.o(i.ST7735_DrawCircle) refers to st7735.o(.constdata) for circle
    st7735.o(i.ST7735_DrawFastHLine) refers to st7735.o(i.setAddrWindow) for setAddrWindow
    st7735.o(i.ST7735_DrawFastHLine) refers to st7735.o(i.writedata) for writedata
    st7735.o(i.ST7735_DrawFastHLine) refers to st7735.o(.data) for _width
    st7735.o(i.ST7735_DrawFastVLine) refers to st7735.o(i.setAddrWindow) for setAddrWindow
    st7735.o(i.ST7735_DrawFastVLine) refers to st7735.o(i.writedata) for writedata
    st7735.o(i.ST7735_DrawFastVLine) refers to st7735.o(.data) for _width
[...]
    uart0int.o(i.UART_Fix2) refers to uart0int.o(i.UART_OutString) for UART_OutString
    uart0int.o(i.UART_InChar) refers to uart0int.o(i.RxFifo_Get) for RxFifo_Get
    uart0int.o(i.UART_InCharNonBlock) refers to uart0int.o(i.RxFifo_Get) for RxFifo_Get
    uart0int.o(i.UART_InString) refers to uart0int.o(i.UART_InChar) for UART_InChar
    uart0int.o(i.UART_InString) refers to uart0int.o(i.UART_OutChar) for UART_OutChar
    uart0int.o(i.UART_InUDec) refers to uart0int.o(i.UART_InChar) for UART_InChar
    uart0int.o(i.UART_InUDec) refers to uart0int.o(i.UART_OutChar) for UART_OutChar
    uart0int.o(i.UART_InUHex) refers to uart0int.o(i.UART_InChar) for UART_InChar
    uart0int.o(i.UART_InUHex) refers to uart0int.o(i.UART_OutChar) for UART_OutChar
    uart0int.o(i.UART_Init) refers to uart0int.o(i.RxFifo_Init) for RxFifo_Init
    uart0int.o(i.UART_Init) refers to uart0int.o(i.TxFifo_Init) for TxFifo_Init
    uart0int.o(i.UART_OutChar) refers to uart0int.o(i.TxFifo_Put) for TxFifo_Put
    uart0int.o(i.UART_OutChar) refers to uart0int.o(i.copySoftwareToHardware) for copySoftwareToHardware
    uart0int.o(i.UART_OutCharNonBlock) refers to uart0int.o(i.TxFifo_Put) for TxFifo_Put
    uart0int.o(i.UART_OutCharNonBlock) refers to uart0int.o(i.copySoftwareToHardware) for copySoftwareToHardware
    uart0int.o(i.UART_OutSDec) refers to uart0int.o(i.UART_OutChar) for UART_OutChar
    uart0int.o(i.UART_OutSDec) refers to uart0int.o(i.UART_OutUDec) for UART_OutUDec
    uart0int.o(i.UART_OutString) refers to uart0int.o(i.UART_OutChar) for UART_OutChar
    uart0int.o(i.UART_OutUDec) refers to uart0int.o(i.UART_OutChar) for UART_OutChar
    uart0int.o(i.UART_OutUHex) refers to uart0int.o(i.UART_OutChar) for UART_OutChar
    uart0int.o(i.copyHardwareToSoftware) refers to uart0int.o(i.RxFifo_Put) for RxFifo_Put
    uart0int.o(i.copyHardwareToSoftware) refers to uart0int.o(i.RxFifo_Size) for RxFifo_Size
    uart0int.o(i.copySoftwareToHardware) refers to uart0int.o(i.TxFifo_Get) for TxFifo_Get
    uart0int.o(i.copySoftwareToHardware) refers to uart0int.o(i.TxFifo_Size) for TxFifo_Size
    adcswtrigger.o(i.ADC0_InSeq2) refers to adcswtrigger.o(.data) for UserTask2
    adcswtrigger.o(i.ADC0_InitSWTriggerSeq2) refers to adcswtrigger.o(.data) for UserTask2
    lpf.o(i.Filter) refers to lpf.o(.data) for n
    lpf.o(i.Filter) refers to lpf.o(.bss) for x
    lpf.o(i.LPF_Calc) refers to lpf.o(.data) for I1
    lpf.o(i.LPF_Calc) refers to lpf.o(.bss) for x1
    lpf.o(i.LPF_Calc2) refers to lpf.o(.data) for I2
    lpf.o(i.LPF_Calc2) refers to lpf.o(.bss) for x2
    lpf.o(i.LPF_Calc3) refers to lpf.o(.data) for I3
    lpf.o(i.LPF_Calc3) refers to lpf.o(.bss) for x3
    lpf.o(i.LPF_Calc4) refers to lpf.o(.data) for I4
    lpf.o(i.LPF_Calc4) refers to lpf.o(.bss) for x4
    lpf.o(i.LPF_Calc5) refers to lpf.o(.data) for I5
    lpf.o(i.LPF_Calc5) refers to lpf.o(.bss) for x5
    lpf.o(i.LPF_Calc6) refers to lpf.o(.data) for I6
    lpf.o(i.LPF_Calc6) refers to lpf.o(.bss) for x6
    lpf.o(i.LPF_Calc7) refers to lpf.o(.data) for I7
    lpf.o(i.LPF_Calc7) refers to lpf.o(.bss) for x7
    lpf.o(i.LPF_Init) refers to lpf.o(.data) for Size1
    lpf.o(i.LPF_Init) refers to lpf.o(.bss) for x1
    lpf.o(i.LPF_Init2) refers to lpf.o(.data) for Size2
    lpf.o(i.LPF_Init2) refers to lpf.o(.bss) for x2
    lpf.o(i.LPF_Init3) refers to lpf.o(.data) for Size3
    lpf.o(i.LPF_Init3) refers to lpf.o(.bss) for x3
    lpf.o(i.LPF_Init4) refers to lpf.o(.data) for Size4
    lpf.o(i.LPF_Init4) refers to lpf.o(.bss) for x4
    lpf.o(i.LPF_Init5) refers to lpf.o(.data) for Size5
    lpf.o(i.LPF_Init5) refers to lpf.o(.bss) for x5
    lpf.o(i.LPF_Init6) refers to lpf.o(.data) for Size6
    lpf.o(i.LPF_Init6) refers to lpf.o(.bss) for x6
    lpf.o(i.LPF_Init7) refers to lpf.o(.data) for Size7
    lpf.o(i.LPF_Init7) refers to lpf.o(.bss) for x7
    lpf.o(i.Median) refers to lpf.o(.data) for u2
    lpf.o(i.Noise) refers to lpf.o(i.sqrt2) for sqrt2
    lpf.o(i.Noise) refers to lpf.o(.data) for Size1
    lpf.o(i.Noise) refers to lpf.o(.bss) for x1
    lpf.o(i.Noise2) refers to lpf.o(i.sqrt2) for sqrt2
    lpf.o(i.Noise2) refers to lpf.o(.data) for Size2
    lpf.o(i.Noise2) refers to lpf.o(.bss) for x2
    lpf.o(i.Noise3) refers to lpf.o(i.sqrt2) for sqrt2
    lpf.o(i.Noise3) refers to lpf.o(.data) for Size3
    lpf.o(i.Noise3) refers to lpf.o(.bss) for x3
    lpf.o(i.Noise4) refers to lpf.o(i.sqrt2) for sqrt2
    lpf.o(i.Noise4) refers to lpf.o(.data) for Size4
    lpf.o(i.Noise4) refers to lpf.o(.bss) for x4
    lpf.o(i.Noise5) refers to lpf.o(i.sqrt2) for sqrt2
    lpf.o(i.Noise5) refers to lpf.o(.data) for Size5
    lpf.o(i.Noise5) refers to lpf.o(.bss) for x5
    lpf.o(i.Noise6) refers to lpf.o(i.sqrt2) for sqrt2
    lpf.o(i.Noise6) refers to lpf.o(.data) for Size6
    lpf.o(i.Noise6) refers to lpf.o(.bss) for x6
    lpf.o(i.Noise7) refers to lpf.o(i.sqrt2) for sqrt2
    lpf.o(i.Noise7) refers to lpf.o(.data) for Size7
    lpf.o(i.Noise7) refers to lpf.o(.bss) for x7
    irdistance.o(i.IRDistance_Convert) refers to irdistance.o(.constdata) for IRmax
    timer4a.o(i.Timer4A_Handler) refers to timer4a.o(.data) for PeriodicTask4
    timer4a.o(i.Timer4A_Init) refers to timer4a.o(.data) for PeriodicTask4
    wtimer0a.o(i.WideTimer0A_Handler) refers to wtimer0a.o(.data) for WidePeriodicTask0
    wtimer0a.o(i.WideTimer0A_Init) refers to wtimer0a.o(.data) for WidePeriodicTask0
    edisk.o(i.SSI0_Init) refers to edisk.o(i.CS_Init) for CS_Init
    edisk.o(i.deselect) refers to edisk.o(i.xchg_spi) for xchg_spi
    edisk.o(i.disk_ioctl) refers to edisk.o(i.select) for select
    edisk.o(i.disk_ioctl) refers to edisk.o(i.send_cmd) for send_cmd
    edisk.o(i.disk_ioctl) refers to edisk.o(i.rcvr_datablock) for rcvr_datablock
    edisk.o(i.disk_ioctl) refers to edisk.o(i.xchg_spi) for xchg_spi
    edisk.o(i.disk_ioctl) refers to edisk.o(i.wait_ready) for wait_ready
    edisk.o(i.disk_ioctl) refers to edisk.o(i.deselect) for deselect
    edisk.o(i.disk_ioctl) refers to edisk.o(.data) for Stat
    edisk.o(i.disk_timerproc) refers to edisk.o(.data) for Timer1
    edisk.o(i.eDisk_Init) refers to edisk.o(i.init_spi) for init_spi
    edisk.o(i.eDisk_Init) refers to edisk.o(i.xchg_spi) for xchg_spi
    edisk.o(i.eDisk_Init) refers to edisk.o(i.send_cmd) for send_cmd
    edisk.o(i.eDisk_Init) refers to edisk.o(i.deselect) for deselect
    edisk.o(i.eDisk_Init) refers to edisk.o(.data) for Stat
    edisk.o(i.eDisk_Read) refers to edisk.o(i.send_cmd) for send_cmd
    edisk.o(i.eDisk_Read) refers to edisk.o(i.rcvr_datablock) for rcvr_datablock
    edisk.o(i.eDisk_Read) refers to edisk.o(i.deselect) for deselect
    edisk.o(i.eDisk_Read) refers to edisk.o(.data) for Stat
    edisk.o(i.eDisk_ReadBlock) refers to edisk.o(i.eDisk_Read) for eDisk_Read
    edisk.o(i.eDisk_Status) refers to edisk.o(.data) for Stat
    edisk.o(i.eDisk_Write) refers to edisk.o(i.send_cmd) for send_cmd
    edisk.o(i.eDisk_Write) refers to edisk.o(i.xmit_datablock) for xmit_datablock
    edisk.o(i.eDisk_Write) refers to edisk.o(i.deselect) for deselect
    edisk.o(i.eDisk_Write) refers to edisk.o(.data) for Stat
    edisk.o(i.eDisk_WriteBlock) refers to edisk.o(i.eDisk_Write) for eDisk_Write
    edisk.o(i.init_spi) refers to edisk.o(i.SSI0_Init) for SSI0_Init
    edisk.o(i.init_spi) refers to edisk.o(.data) for Timer1
    edisk.o(i.rcvr_datablock) refers to edisk.o(i.xchg_spi) for xchg_spi
    edisk.o(i.rcvr_datablock) refers to edisk.o(i.rcvr_spi_multi) for rcvr_spi_multi
    edisk.o(i.rcvr_datablock) refers to edisk.o(.data) for Timer1
    edisk.o(i.rcvr_spi_multi) refers to edisk.o(i.rcvr_spi) for rcvr_spi
    edisk.o(i.select) refers to edisk.o(i.xchg_spi) for xchg_spi
    edisk.o(i.select) refers to edisk.o(i.wait_ready) for wait_ready
    edisk.o(i.select) refers to edisk.o(i.deselect) for deselect
    edisk.o(i.send_cmd) refers to edisk.o(i.deselect) for deselect
    edisk.o(i.send_cmd) refers to edisk.o(i.select) for select
    edisk.o(i.send_cmd) refers to edisk.o(i.xchg_spi) for xchg_spi
    edisk.o(i.wait_ready) refers to edisk.o(i.xchg_spi) for xchg_spi
    edisk.o(i.wait_ready) refers to edisk.o(.data) for Timer2
    edisk.o(i.xmit_datablock) refers to edisk.o(i.wait_ready) for wait_ready
    edisk.o(i.xmit_datablock) refers to edisk.o(i.xchg_spi) for xchg_spi
    edisk.o(i.xmit_datablock) refers to edisk.o(i.xmit_spi_multi) for xmit_spi_multi
    timer5a.o(i.Timer5A_Handler) refers to timer5a.o(.data) for PeriodicTask5
    timer5a.o(i.Timer5A_Init) refers to timer5a.o(.data) for PeriodicTask5
    entry.o(.ARM.Collect$$$$00000000) refers (Special) to entry10a.o(.ARM.Collect$$$$0000000F) for __rt_final_cpp
    entry.o(.ARM.Collect$$$$00000000) refers (Special) to entry11a.o(.ARM.Collect$$$$00000011) for __rt_final_exit
    entry.o(.ARM.Collect$$$$00000000) refers (Special) to entry12b.o(.ARM.Collect$$$$0000000E) for __rt_lib_shutdown_fini
    entry.o(.ARM.Collect$$$$00000000) refers (Special) to entry7b.o(.ARM.Collect$$$$00000008) for _main_clock
    entry.o(.ARM.Collect$$$$00000000) refers (Special) to entry8b.o(.ARM.Collect$$$$0000000A) for _main_cpp_init
    entry.o(.ARM.Collect$$$$00000000) refers (Special) to entry9a.o(.ARM.Collect$$$$0000000B) for _main_init
    entry.o(.ARM.Collect$$$$00000000) refers (Special) to entry5.o(.ARM.Collect$$$$00000004) for _main_scatterload
    entry.o(.ARM.Collect$$$$00000000) refers (Special) to entry2.o(.ARM.Collect$$$$00000001) for _main_stk
    printfb.o(i.__0fprintf$bare) refers to printfb.o(i._printf_core) for _printf_core
    printfb.o(i.__0fprintf$bare) refers to os.o(i.fputc) for fputc
    printfb.o(i.__0printf$bare) refers to printfb.o(i._printf_core) for _printf_core
    printfb.o(i.__0printf$bare) refers to os.o(i.fputc) for fputc
    printfb.o(i.__0printf$bare) refers to stdout.o(.data) for __stdout
    printfb.o(i.__0snprintf$bare) refers to printfb.o(i._printf_core) for _printf_core
    printfb.o(i.__0snprintf$bare) refers to printfb.o(i._snputc) for _snputc
    printfb.o(i.__0sprintf$bare) refers to printfb.o(i._printf_core) for _printf_core
    printfb.o(i.__0sprintf$bare) refers to printfb.o(i._sputc) for _sputc
    printfb.o(i.__0vfprintf$bare) refers to printfb.o(i._printf_core) for _printf_core
    printfb.o(i.__0vfprintf$bare) refers to os.o(i.fputc) for fputc
    printfb.o(i.__0vprintf$bare) refers to printfb.o(i._printf_core) for _printf_core
    printfb.o(i.__0vprintf$bare) refers to os.o(i.fputc) for fputc
    printfb.o(i.__0vprintf$bare) refers to stdout.o(.data) for __stdout
    printfb.o(i.__0vsnprintf$bare) refers to printfb.o(i._printf_core) for _printf_core
    printfb.o(i.__0vsnprintf$bare) refers to printfb.o(i._snputc) for _snputc
    printfb.o(i.__0vsprintf$bare) refers to printfb.o(i._printf_core) for _printf_core
    printfb.o(i.__0vsprintf$bare) refers to printfb.o(i._sputc) for _sputc
    printf0.o(i.__0fprintf$0) refers to printf0.o(i._printf_core) for _printf_core
    printf0.o(i.__0fprintf$0) refers to os.o(i.fputc) for fputc
    printf0.o(i.__0printf$0) refers to printf0.o(i._printf_core) for _printf_core
    printf0.o(i.__0printf$0) refers to os.o(i.fputc) for fputc
    printf0.o(i.__0printf$0) refers to stdout.o(.data) for __stdout
    printf0.o(i.__0snprintf$0) refers to printf0.o(i._printf_core) for _printf_core
    printf0.o(i.__0snprintf$0) refers to printf0.o(i._snputc) for _snputc
    printf0.o(i.__0sprintf$0) refers to printf0.o(i._printf_core) for _printf_core
    printf0.o(i.__0sprintf$0) refers to printf0.o(i._sputc) for _sputc
    printf0.o(i.__0vfprintf$0) refers to printf0.o(i._printf_core) for _printf_core
    printf0.o(i.__0vfprintf$0) refers to os.o(i.fputc) for fputc
    printf0.o(i.__0vprintf$0) refers to printf0.o(i._printf_core) for _printf_core
    printf0.o(i.__0vprintf$0) refers to os.o(i.fputc) for fputc
    printf0.o(i.__0vprintf$0) refers to stdout.o(.data) for __stdout
    printf0.o(i.__0vsnprintf$0) refers to printf0.o(i._printf_core) for _printf_core
    printf0.o(i.__0vsnprintf$0) refers to printf0.o(i._snputc) for _snputc
    printf0.o(i.__0vsprintf$0) refers to printf0.o(i._printf_core) for _printf_core
    printf0.o(i.__0vsprintf$0) refers to printf0.o(i._sputc) for _sputc
    printf1.o(i.__0fprintf$1) refers to printf1.o(i._printf_core) for _printf_core
    printf1.o(i.__0fprintf$1) refers to os.o(i.fputc) for fputc
    printf1.o(i.__0printf$1) refers to printf1.o(i._printf_core) for _printf_core
    printf1.o(i.__0printf$1) refers to os.o(i.fputc) for fputc
    printf1.o(i.__0printf$1) refers to stdout.o(.data) for __stdout
    printf1.o(i.__0snprintf$1) refers to printf1.o(i._printf_core) for _printf_core
    printf1.o(i.__0snprintf$1) refers to printf1.o(i._snputc) for _snputc
    printf1.o(i.__0sprintf$1) refers to printf1.o(i._printf_core) for _printf_core
    printf1.o(i.__0sprintf$1) refers to printf1.o(i._sputc) for _sputc
    printf1.o(i.__0vfprintf$1) refers to printf1.o(i._printf_core) for _printf_core
    printf1.o(i.__0vfprintf$1) refers to os.o(i.fputc) for fputc
    printf1.o(i.__0vprintf$1) refers to printf1.o(i._printf_core) for _printf_core
    printf1.o(i.__0vprintf$1) refers to os.o(i.fputc) for fputc
    printf1.o(i.__0vprintf$1) refers to stdout.o(.data) for __stdout
    printf1.o(i.__0vsnprintf$1) refers to printf1.o(i._printf_core) for _printf_core
    printf1.o(i.__0vsnprintf$1) refers to printf1.o(i._snputc) for _snputc
    printf1.o(i.__0vsprintf$1) refers to printf1.o(i._printf_core) for _printf_core
    printf1.o(i.__0vsprintf$1) refers to printf1.o(i._sputc) for _sputc
    printf1.o(i._printf_core) refers to uidiv.o(.text) for __aeabi_uidivmod
    printf2.o(i.__0fprintf$2) refers to printf2.o(i._printf_core) for _printf_core
    printf2.o(i.__0fprintf$2) refers to os.o(i.fputc) for fputc
    printf2.o(i.__0printf$2) refers to printf2.o(i._printf_core) for _printf_core
    printf2.o(i.__0printf$2) refers to os.o(i.fputc) for fputc
    printf2.o(i.__0printf$2) refers to stdout.o(.data) for __stdout
    printf2.o(i.__0snprintf$2) refers to printf2.o(i._printf_core) for _printf_core
    printf2.o(i.__0snprintf$2) refers to printf2.o(i._snputc) for _snputc
    printf2.o(i.__0sprintf$2) refers to printf2.o(i._printf_core) for _printf_core
    printf2.o(i.__0sprintf$2) refers to printf2.o(i._sputc) for _sputc
    printf2.o(i.__0vfprintf$2) refers to printf2.o(i._printf_core) for _printf_core
    printf2.o(i.__0vfprintf$2) refers to os.o(i.fputc) for fputc
    printf2.o(i.__0vprintf$2) refers to printf2.o(i._printf_core) for _printf_core
    printf2.o(i.__0vprintf$2) refers to os.o(i.fputc) for fputc
    printf2.o(i.__0vprintf$2) refers to stdout.o(.data) for __stdout
    printf2.o(i.__0vsnprintf$2) refers to printf2.o(i._printf_core) for _printf_core
    printf2.o(i.__0vsnprintf$2) refers to printf2.o(i._snputc) for _snputc
    printf2.o(i.__0vsprintf$2) refers to printf2.o(i._printf_core) for _printf_core
    printf2.o(i.__0vsprintf$2) refers to printf2.o(i._sputc) for _sputc
    printf3.o(i.__0fprintf$3) refers to printf3.o(i._printf_core) for _printf_core
    printf3.o(i.__0fprintf$3) refers to os.o(i.fputc) for fputc
    printf3.o(i.__0printf$3) refers to printf3.o(i._printf_core) for _printf_core
    printf3.o(i.__0printf$3) refers to os.o(i.fputc) for fputc
    printf3.o(i.__0printf$3) refers to stdout.o(.data) for __stdout
    printf3.o(i.__0snprintf$3) refers to printf3.o(i._printf_core) for _printf_core
    printf3.o(i.__0snprintf$3) refers to printf3.o(i._snputc) for _snputc
    printf3.o(i.__0sprintf$3) refers to printf3.o(i._printf_core) for _printf_core
    printf3.o(i.__0sprintf$3) refers to printf3.o(i._sputc) for _sputc
    printf3.o(i.__0vfprintf$3) refers to printf3.o(i._printf_core) for _printf_core
    printf3.o(i.__0vfprintf$3) refers to os.o(i.fputc) for fputc
    printf3.o(i.__0vprintf$3) refers to printf3.o(i._printf_core) for _printf_core
    printf3.o(i.__0vprintf$3) refers to os.o(i.fputc) for fputc
    printf3.o(i.__0vprintf$3) refers to stdout.o(.data) for __stdout
    printf3.o(i.__0vsnprintf$3) refers to printf3.o(i._printf_core) for _printf_core
    printf3.o(i.__0vsnprintf$3) refers to printf3.o(i._snputc) for _snputc
    printf3.o(i.__0vsprintf$3) refers to printf3.o(i._printf_core) for _printf_core
    printf3.o(i.__0vsprintf$3) refers to printf3.o(i._sputc) for _sputc
    printf3.o(i._printf_core) refers to uidiv.o(.text) for __aeabi_uidivmod
    printf4.o(i.__0fprintf$4) refers to printf4.o(i._printf_core) for _printf_core
    printf4.o(i.__0fprintf$4) refers to os.o(i.fputc) for fputc
    printf4.o(i.__0printf$4) refers to printf4.o(i._printf_core) for _printf_core
    printf4.o(i.__0printf$4) refers to os.o(i.fputc) for fputc
    printf4.o(i.__0printf$4) refers to stdout.o(.data) for __stdout
    printf4.o(i.__0snprintf$4) refers to printf4.o(i._printf_core) for _printf_core
    printf4.o(i.__0snprintf$4) refers to printf4.o(i._snputc) for _snputc
    printf4.o(i.__0sprintf$4) refers to printf4.o(i._printf_core) for _printf_core
    printf4.o(i.__0sprintf$4) refers to printf4.o(i._sputc) for _sputc
    printf4.o(i.__0vfprintf$4) refers to printf4.o(i._printf_core) for _printf_core
    printf4.o(i.__0vfprintf$4) refers to os.o(i.fputc) for fputc
    printf4.o(i.__0vprintf$4) refers to printf4.o(i._printf_core) for _printf_core
    printf4.o(i.__0vprintf$4) refers to os.o(i.fputc) for fputc
    printf4.o(i.__0vprintf$4) refers to stdout.o(.data) for __stdout
    printf4.o(i.__0vsnprintf$4) refers to printf4.o(i._printf_core) for _printf_core
    printf4.o(i.__0vsnprintf$4) refers to printf4.o(i._snputc) for _snputc
    printf4.o(i.__0vsprintf$4) refers to printf4.o(i._printf_core) for _printf_core
    printf4.o(i.__0vsprintf$4) refers to printf4.o(i._sputc) for _sputc
    printf4.o(i._printf_core) refers to uldiv.o(.text) for __aeabi_uldivmod
    printf5.o(i.__0fprintf$5) refers to printf5.o(i._printf_core) for _printf_core
    printf5.o(i.__0fprintf$5) refers to os.o(i.fputc) for fputc
    printf5.o(i.__0printf$5) refers to printf5.o(i._printf_core) for _printf_core
    printf5.o(i.__0printf$5) refers to os.o(i.fputc) for fputc
    printf5.o(i.__0printf$5) refers to stdout.o(.data) for __stdout
    printf5.o(i.__0snprintf$5) refers to printf5.o(i._printf_core) for _printf_core
    printf5.o(i.__0snprintf$5) refers to printf5.o(i._snputc) for _snputc
    printf5.o(i.__0sprintf$5) refers to printf5.o(i._printf_core) for _printf_core
    printf5.o(i.__0sprintf$5) refers to printf5.o(i._sputc) for _sputc
    printf5.o(i.__0vfprintf$5) refers to printf5.o(i._printf_core) for _printf_core
    printf5.o(i.__0vfprintf$5) refers to os.o(i.fputc) for fputc
    printf5.o(i.__0vprintf$5) refers to printf5.o(i._printf_core) for _printf_core
    printf5.o(i.__0vprintf$5) refers to os.o(i.fputc) for fputc
    printf5.o(i.__0vprintf$5) refers to stdout.o(.data) for __stdout
    printf5.o(i.__0vsnprintf$5) refers to printf5.o(i._printf_core) for _printf_core
    printf5.o(i.__0vsnprintf$5) refers to printf5.o(i._snputc) for _snputc
    printf5.o(i.__0vsprintf$5) refers to printf5.o(i._printf_core) for _printf_core
    printf5.o(i.__0vsprintf$5) refers to printf5.o(i._sputc) for _sputc
    printf5.o(i._printf_core) refers to uldiv.o(.text) for __aeabi_uldivmod
    printf6.o(i.__0fprintf$6) refers to printf6.o(i._printf_core) for _printf_core
    printf6.o(i.__0fprintf$6) refers to os.o(i.fputc) for fputc
    printf6.o(i.__0printf$6) refers to printf6.o(i._printf_core) for _printf_core
    printf6.o(i.__0printf$6) refers to os.o(i.fputc) for fputc
    printf6.o(i.__0printf$6) refers to stdout.o(.data) for __stdout
    printf6.o(i.__0snprintf$6) refers to printf6.o(i._printf_core) for _printf_core
    printf6.o(i.__0snprintf$6) refers to printf6.o(i._snputc) for _snputc
    printf6.o(i.__0sprintf$6) refers to printf6.o(i._printf_core) for _printf_core
    printf6.o(i.__0sprintf$6) refers to printf6.o(i._sputc) for _sputc
    printf6.o(i.__0vfprintf$6) refers to printf6.o(i._printf_core) for _printf_core
    printf6.o(i.__0vfprintf$6) refers to os.o(i.fputc) for fputc
    printf6.o(i.__0vprintf$6) refers to printf6.o(i._printf_core) for _printf_core
    printf6.o(i.__0vprintf$6) refers to os.o(i.fputc) for fputc
    printf6.o(i.__0vprintf$6) refers to stdout.o(.data) for __stdout
    printf6.o(i.__0vsnprintf$6) refers to printf6.o(i._printf_core) for _printf_core
    printf6.o(i.__0vsnprintf$6) refers to printf6.o(i._snputc) for _snputc
    printf6.o(i.__0vsprintf$6) refers to printf6.o(i._printf_core) for _printf_core
    printf6.o(i.__0vsprintf$6) refers to printf6.o(i._sputc) for _sputc
    printf6.o(i._printf_core) refers to printf6.o(i._printf_pre_padding) for _printf_pre_padding
    printf6.o(i._printf_core) refers to uidiv.o(.text) for __aeabi_uidivmod
    printf6.o(i._printf_core) refers to printf6.o(i._printf_post_padding) for _printf_post_padding
    printf7.o(i.__0fprintf$7) refers to printf7.o(i._printf_core) for _printf_core
    printf7.o(i.__0fprintf$7) refers to os.o(i.fputc) for fputc
    printf7.o(i.__0printf$7) refers to printf7.o(i._printf_core) for _printf_core
    printf7.o(i.__0printf$7) refers to os.o(i.fputc) for fputc
    printf7.o(i.__0printf$7) refers to stdout.o(.data) for __stdout
    printf7.o(i.__0snprintf$7) refers to printf7.o(i._printf_core) for _printf_core
    printf7.o(i.__0snprintf$7) refers to printf7.o(i._snputc) for _snputc
    printf7.o(i.__0sprintf$7) refers to printf7.o(i._printf_core) for _printf_core
    printf7.o(i.__0sprintf$7) refers to printf7.o(i._sputc) for _sputc
    printf7.o(i.__0vfprintf$7) refers to printf7.o(i._printf_core) for _printf_core
    printf7.o(i.__0vfprintf$7) refers to os.o(i.fputc) for fputc
    printf7.o(i.__0vprintf$7) refers to printf7.o(i._printf_core) for _printf_core
    printf7.o(i.__0vprintf$7) refers to os.o(i.fputc) for fputc
    printf7.o(i.__0vprintf$7) refers to stdout.o(.data) for __stdout
    printf7.o(i.__0vsnprintf$7) refers to printf7.o(i._printf_core) for _printf_core
    printf7.o(i.__0vsnprintf$7) refers to printf7.o(i._snputc) for _snputc
    printf7.o(i.__0vsprintf$7) refers to printf7.o(i._printf_core) for _printf_core
    printf7.o(i.__0vsprintf$7) refers to printf7.o(i._sputc) for _sputc
    printf7.o(i._printf_core) refers to printf7.o(i._printf_pre_padding) for _printf_pre_padding
    printf7.o(i._printf_core) refers to uldiv.o(.text) for __aeabi_uldivmod
    printf7.o(i._printf_core) refers to printf7.o(i._printf_post_padding) for _printf_post_padding
    printf8.o(i.__0fprintf$8) refers to printf8.o(i._printf_core) for _printf_core
    printf8.o(i.__0fprintf$8) refers to os.o(i.fputc) for fputc
    printf8.o(i.__0printf$8) refers to printf8.o(i._printf_core) for _printf_core
    printf8.o(i.__0printf$8) refers to os.o(i.fputc) for fputc
    printf8.o(i.__0printf$8) refers to stdout.o(.data) for __stdout
    printf8.o(i.__0snprintf$8) refers to printf8.o(i._printf_core) for _printf_core
    printf8.o(i.__0snprintf$8) refers to printf8.o(i._snputc) for _snputc
    printf8.o(i.__0sprintf$8) refers to printf8.o(i._printf_core) for _printf_core
    printf8.o(i.__0sprintf$8) refers to printf8.o(i._sputc) for _sputc
    printf8.o(i.__0vfprintf$8) refers to printf8.o(i._printf_core) for _printf_core
    printf8.o(i.__0vfprintf$8) refers to os.o(i.fputc) for fputc
    printf8.o(i.__0vprintf$8) refers to printf8.o(i._printf_core) for _printf_core
    printf8.o(i.__0vprintf$8) refers to os.o(i.fputc) for fputc
    printf8.o(i.__0vprintf$8) refers to stdout.o(.data) for __stdout
    printf8.o(i.__0vsnprintf$8) refers to printf8.o(i._printf_core) for _printf_core
    printf8.o(i.__0vsnprintf$8) refers to printf8.o(i._snputc) for _snputc
    printf8.o(i.__0vsprintf$8) refers to printf8.o(i._printf_core) for _printf_core
    printf8.o(i.__0vsprintf$8) refers to printf8.o(i._sputc) for _sputc
    printf8.o(i._printf_core) refers to printf8.o(i._printf_pre_padding) for _printf_pre_padding
    printf8.o(i._printf_core) refers to uldiv.o(.text) for __aeabi_uldivmod
    printf8.o(i._printf_core) refers to printf8.o(i._printf_post_padding) for _printf_post_padding
    printfa.o(i.__0fprintf) refers (Special) to iusefp.o(.text) for __I$use$fp
    printfa.o(i.__0fprintf) refers to printfa.o(i._printf_core) for _printf_core
    printfa.o(i.__0fprintf) refers to os.o(i.fputc) for fputc
    printfa.o(i.__0printf) refers (Special) to iusefp.o(.text) for __I$use$fp
    printfa.o(i.__0printf) refers to printfa.o(i._printf_core) for _printf_core
    printfa.o(i.__0printf) refers to os.o(i.fputc) for fputc
    printfa.o(i.__0printf) refers to stdout.o(.data) for __stdout
    printfa.o(i.__0snprintf) refers (Special) to iusefp.o(.text) for __I$use$fp
    printfa.o(i.__0snprintf) refers to printfa.o(i._printf_core) for _printf_core
    printfa.o(i.__0snprintf) refers to printfa.o(i._snputc) for _snputc
    printfa.o(i.__0sprintf) refers (Special) to iusefp.o(.text) for __I$use$fp
    printfa.o(i.__0sprintf) refers to printfa.o(i._printf_core) for _printf_core
    printfa.o(i.__0sprintf) refers to printfa.o(i._sputc) for _sputc
    printfa.o(i.__0vfprintf) refers (Special) to iusefp.o(.text) for __I$use$fp
    printfa.o(i.__0vfprintf) refers to printfa.o(i._printf_core) for _printf_core
    printfa.o(i.__0vfprintf) refers to os.o(i.fputc) for fputc
    printfa.o(i.__0vprintf) refers (Special) to iusefp.o(.text) for __I$use$fp
    printfa.o(i.__0vprintf) refers to printfa.o(i._printf_core) for _printf_core
    printfa.o(i.__0vprintf) refers to os.o(i.fputc) for fputc
    printfa.o(i.__0vprintf) refers to stdout.o(.data) for __stdout
    printfa.o(i.__0vsnprintf) refers (Special) to iusefp.o(.text) for __I$use$fp
    printfa.o(i.__0vsnprintf) refers to printfa.o(i._printf_core) for _printf_core
    printfa.o(i.__0vsnprintf) refers to printfa.o(i._snputc) for _snputc
    printfa.o(i.__0vsprintf) refers (Special) to iusefp.o(.text) for __I$use$fp
    printfa.o(i.__0vsprintf) refers to printfa.o(i._printf_core) for _printf_core
    printfa.o(i.__0vsprintf) refers to printfa.o(i._sputc) for _sputc
    printfa.o(i._fp_digits) refers (Special) to iusefp.o(.text) for __I$use$fp
    printfa.o(i._fp_digits) refers to dmul.o(.text) for __aeabi_dmul
    printfa.o(i._fp_digits) refers to ddiv.o(.text) for __aeabi_ddiv
    printfa.o(i._fp_digits) refers to cdrcmple.o(.text) for __aeabi_cdrcmple
    printfa.o(i._fp_digits) refers to dadd.o(.text) for __aeabi_dadd
    printfa.o(i._fp_digits) refers to dfixul.o(.text) for __aeabi_d2ulz
    printfa.o(i._fp_digits) refers to uldiv.o(.text) for __aeabi_uldivmod
    printfa.o(i._printf_core) refers (Special) to iusefp.o(.text) for __I$use$fp
    printfa.o(i._printf_core) refers to printfa.o(i._printf_pre_padding) for _printf_pre_padding
    printfa.o(i._printf_core) refers to uldiv.o(.text) for __aeabi_uldivmod
    printfa.o(i._printf_core) refers to printfa.o(i._printf_post_padding) for _printf_post_padding
    printfa.o(i._printf_core) refers to printfa.o(i._fp_digits) for _fp_digits
    printfa.o(i._printf_core) refers to uidiv.o(.text) for __aeabi_uidivmod
    printfa.o(i._printf_post_padding) refers (Special) to iusefp.o(.text) for __I$use$fp
    printfa.o(i._printf_pre_padding) refers (Special) to iusefp.o(.text) for __I$use$fp
    printfa.o(i._snputc) refers (Special) to iusefp.o(.text) for __I$use$fp
    printfa.o(i._sputc) refers (Special) to iusefp.o(.text) for __I$use$fp
    entry2.o(.ARM.Collect$$$$00000001) refers to entry2.o(.ARM.Collect$$$$00002712) for __lit__00000000
    entry2.o(.ARM.Collect$$$$00002712) refers to startup.o(STACK) for __initial_sp
    entry2.o(__vectab_stack_and_reset_area) refers to startup.o(STACK) for __initial_sp
    entry2.o(__vectab_stack_and_reset_area) refers to entry.o(.ARM.Collect$$$$00000000) for __main
    entry5.o(.ARM.Collect$$$$00000004) refers to init.o(.text) for __scatterload
    entry9a.o(.ARM.Collect$$$$0000000B) refers to lab1.o(i.main) for main
    entry9b.o(.ARM.Collect$$$$0000000C) refers to lab1.o(i.main) for main
    uldiv.o(.text) refers to llushr.o(.text) for __aeabi_llsr
    uldiv.o(.text) refers to llshl.o(.text) for __aeabi_llsl
    dadd.o(.text) refers to llshl.o(.text) for __aeabi_llsl
    dadd.o(.text) refers to llsshr.o(.text) for __aeabi_lasr
    dadd.o(.text) refers to depilogue.o(.text) for _double_epilogue
    dmul.o(.text) refers to depilogue.o(.text) for _double_epilogue
    ddiv.o(.text) refers to depilogue.o(.text) for _double_round
    dfixul.o(.text) refers to llushr.o(.text) for __aeabi_llsr
    dfixul.o(.text) refers to llshl.o(.text) for __aeabi_llsl
    init.o(.text) refers to entry5.o(.ARM.Collect$$$$00000004) for __main_after_scatterload
    depilogue.o(.text) refers to llshl.o(.text) for __aeabi_llsl
    depilogue.o(.text) refers to llushr.o(.text) for __aeabi_llsr


==============================================================================

Removing Unused input sections from the image.

    Removing startup.o(HEAP), (0 bytes).
    Removing os.o(i.OS_AddPeriodicThread), (6 bytes).
    Removing os.o(i.OS_AddProcess), (10 bytes).
    Removing os.o(i.OS_AddSW1Task), (6 bytes).
    Removing os.o(i.OS_AddSW2Task), (6 bytes).
    Removing os.o(i.OS_AddThread), (6 bytes).
    Removing os.o(i.OS_Fifo_Get), (4 bytes).
    Removing os.o(i.OS_Fifo_Init), (2 bytes).
    Removing os.o(i.OS_Fifo_Put), (6 bytes).
    Removing os.o(i.OS_Fifo_Size), (4 bytes).
    Removing os.o(i.OS_Id), (4 bytes).
    Removing os.o(i.OS_Init), (2 bytes).
    Removing os.o(i.OS_Kill), (8 bytes).
    Removing os.o(i.OS_Launch), (2 bytes).
    Removing os.o(i.OS_LockScheduler), (4 bytes).
    Removing os.o(i.OS_MailBox_Init), (2 bytes).
    Removing os.o(i.OS_MailBox_Recv), (4 bytes).
    Removing os.o(i.OS_MailBox_Send), (2 bytes).
    Removing os.o(i.OS_RedirectToFile), (36 bytes).
    Removing os.o(i.OS_RedirectToST7735), (4 bytes).
    Removing os.o(i.OS_RedirectToUART), (12 bytes).
    Removing os.o(i.OS_Signal), (2 bytes).
    Removing os.o(i.OS_Sleep), (2 bytes).
    Removing os.o(i.OS_Suspend), (2 bytes).
    Removing os.o(i.OS_Time), (4 bytes).
    Removing os.o(i.OS_TimeDifference), (6 bytes).
    Removing os.o(i.OS_UnLockScheduler), (2 bytes).
    Removing os.o(i.OS_Wait), (2 bytes).
    Removing os.o(i.OS_bSignal), (2 bytes).
    Removing os.o(i.OS_bWait), (2 bytes).
    Removing os.o(i.SysTick_Init), (2 bytes).
    Removing os.o(i.fgetc), (20 bytes).
    Removing os.o(.bss), (256 bytes).
    Removing os.o(.constdata), (4 bytes).
    Removing interpreter.o(i.Interpreter), (2 bytes).
    Removing interpreter.o(i.Jitter), (2 bytes).
    Removing launchpad.o(i.DelayMs), (32 bytes).
    Removing launchpad.o(i.LaunchPad_Input), (24 bytes).
    Removing launchpad.o(i.LaunchPad_Output), (12 bytes).
    Removing launchpad.o(i.LaunchPad_WaitForRelease), (56 bytes).
    Removing launchpad.o(i.LaunchPad_WaitForTouch), (32 bytes).
    Removing st7735.o(i.ST7735_Color565), (24 bytes).
    Removing st7735.o(i.ST7735_DrawBitmap), (288 bytes).
    Removing st7735.o(i.ST7735_DrawChar), (272 bytes).
    Removing st7735.o(i.ST7735_DrawCircle), (168 bytes).
    Removing st7735.o(i.ST7735_DrawFastHLine), (124 bytes).
    Removing st7735.o(i.ST7735_DrawFastVLine), (124 bytes).
    Removing st7735.o(i.ST7735_DrawSmallCircle), (168 bytes).
    Removing st7735.o(i.ST7735_InitB), (52 bytes).
    Removing st7735.o(i.ST7735_InvertDisplay), (22 bytes).
    Removing st7735.o(i.ST7735_OutUDec), (140 bytes).
    Removing st7735.o(i.ST7735_OutUDec2), (80 bytes).
    Removing st7735.o(i.ST7735_OutUDec4), (140 bytes).
    Removing st7735.o(i.ST7735_PlotBar), (88 bytes).
    Removing st7735.o(i.ST7735_PlotClear), (92 bytes).
    Removing st7735.o(i.ST7735_PlotLine), (264 bytes).
    Removing st7735.o(i.ST7735_PlotNext), (32 bytes).
    Removing st7735.o(i.ST7735_PlotNextErase), (64 bytes).
    Removing st7735.o(i.ST7735_PlotPoint), (152 bytes).
    Removing st7735.o(i.ST7735_PlotPoints), (172 bytes).
    Removing st7735.o(i.ST7735_PlotdBfs), (60 bytes).
    Removing st7735.o(i.ST7735_SetRotation), (212 bytes).
    Removing st7735.o(i.ST7735_SetTextColor), (12 bytes).
    Removing st7735.o(i.ST7735_SwapColor), (18 bytes).
    Removing st7735.o(i.fillmessage4), (100 bytes).
    Removing uart0int.o(i.Fixed_Fix2Str), (252 bytes).
    Removing uart0int.o(i.RxFifo_Get), (60 bytes).
    Removing uart0int.o(i.UART_Fix2), (20 bytes).
    Removing uart0int.o(i.UART_InChar), (20 bytes).
    Removing uart0int.o(i.UART_InCharNonBlock), (20 bytes).
    Removing uart0int.o(i.UART_InString), (70 bytes).
    Removing uart0int.o(i.UART_InUDec), (76 bytes).
    Removing uart0int.o(i.UART_InUHex), (108 bytes).
    Removing uart0int.o(i.UART_OutCharNonBlock), (52 bytes).
    Removing uart0int.o(i.UART_OutSDec), (24 bytes).
    Removing uart0int.o(i.UART_OutString), (24 bytes).
    Removing uart0int.o(i.UART_OutUDec), (42 bytes).
    Removing uart0int.o(i.UART_OutUHex), (52 bytes).
    Removing adcswtrigger.o(i.ADC0_InSeq2), (80 bytes).
    Removing adcswtrigger.o(i.ADC0_InSeq3), (44 bytes).
    Removing adcswtrigger.o(i.ADC0_InSeq3_InternalTemperature), (64 bytes).
    Removing adcswtrigger.o(i.ADC0_InitSWTriggerSeq2), (224 bytes).
    Removing adcswtrigger.o(i.ADC0_InitSWTriggerSeq3), (1016 bytes).
    Removing adcswtrigger.o(i.ADC0_InitSWTriggerSeq3_Ch7), (248 bytes).
    Removing adcswtrigger.o(i.ADC0_InitSWTriggerSeq3_Ch9), (248 bytes).
    Removing adcswtrigger.o(i.ADC0_InitSWTriggerSeq3_InternalTemperature), (128 bytes).
    Removing adcswtrigger.o(i.ADC_In3210), (80 bytes).
    Removing adcswtrigger.o(i.ADC_In89), (56 bytes).
    Removing adcswtrigger.o(i.ADC_Init3210), (248 bytes).
    Removing adcswtrigger.o(i.ADC_Init89), (220 bytes).
    Removing adcswtrigger.o(.data), (4 bytes).
    Removing lpf.o(i.Filter), (200 bytes).
    Removing lpf.o(i.LPF_Calc), (92 bytes).
    Removing lpf.o(i.LPF_Calc2), (92 bytes).
    Removing lpf.o(i.LPF_Calc3), (92 bytes).
    Removing lpf.o(i.LPF_Calc4), (92 bytes).
    Removing lpf.o(i.LPF_Calc5), (92 bytes).
    Removing lpf.o(i.LPF_Calc6), (92 bytes).
    Removing lpf.o(i.LPF_Calc7), (92 bytes).
    Removing lpf.o(i.LPF_Init), (72 bytes).
    Removing lpf.o(i.LPF_Init2), (72 bytes).
    Removing lpf.o(i.LPF_Init3), (72 bytes).
    Removing lpf.o(i.LPF_Init4), (72 bytes).
    Removing lpf.o(i.LPF_Init5), (72 bytes).
    Removing lpf.o(i.LPF_Init6), (72 bytes).
    Removing lpf.o(i.LPF_Init7), (72 bytes).
    Removing lpf.o(i.Noise), (136 bytes).
    Removing lpf.o(i.Noise2), (136 bytes).
    Removing lpf.o(i.Noise3), (136 bytes).
    Removing lpf.o(i.Noise4), (136 bytes).
    Removing lpf.o(i.Noise5), (136 bytes).
    Removing lpf.o(i.Noise6), (136 bytes).
    Removing lpf.o(i.Noise7), (136 bytes).
    Removing lpf.o(i.sqrt2), (32 bytes).
    Removing lpf.o(.bss), (496 bytes).
    Removing timer4a.o(i.Timer4A_Stop), (24 bytes).
    Removing wtimer0a.o(i.WideTimer0A_Init), (100 bytes).
    Removing wtimer0a.o(i.WideTimer0_Stop), (24 bytes).
    Removing edisk.o(i.SSI0_Init), (332 bytes).
    Removing edisk.o(i.deselect), (20 bytes).
    Removing edisk.o(i.disk_ioctl), (552 bytes).
    Removing edisk.o(i.disk_timerproc), (64 bytes).
    Removing edisk.o(i.eDisk_Init), (348 bytes).
    Removing edisk.o(i.eDisk_Read), (144 bytes).
    Removing edisk.o(i.eDisk_ReadBlock), (20 bytes).
    Removing edisk.o(i.eDisk_Status), (20 bytes).
    Removing edisk.o(i.eDisk_Write), (180 bytes).
    Removing edisk.o(i.eDisk_WriteBlock), (20 bytes).
    Removing edisk.o(i.init_spi), (40 bytes).
    Removing edisk.o(i.rcvr_datablock), (72 bytes).
    Removing edisk.o(i.rcvr_spi), (48 bytes).
    Removing edisk.o(i.rcvr_spi_multi), (24 bytes).
    Removing edisk.o(i.select), (48 bytes).
    Removing edisk.o(i.send_cmd), (150 bytes).
    Removing edisk.o(i.wait_ready), (48 bytes).
    Removing edisk.o(i.xchg_spi), (56 bytes).
    Removing edisk.o(i.xmit_datablock), (76 bytes).
    Removing edisk.o(i.xmit_spi_multi), (48 bytes).
    Removing edisk.o(.data), (13 bytes).
    Removing efile.o(i.eFile_Create), (6 bytes).
    Removing efile.o(i.eFile_DClose), (4 bytes).
    Removing efile.o(i.eFile_DOpen), (6 bytes).
    Removing efile.o(i.eFile_Delete), (6 bytes).
    Removing efile.o(i.eFile_DirNext), (6 bytes).
    Removing efile.o(i.eFile_Format), (4 bytes).
    Removing efile.o(i.eFile_Init), (4 bytes).
    Removing efile.o(i.eFile_Mount), (4 bytes).
    Removing efile.o(i.eFile_RClose), (4 bytes).
    Removing efile.o(i.eFile_ROpen), (6 bytes).
    Removing efile.o(i.eFile_ReadNext), (6 bytes).
    Removing efile.o(i.eFile_Unmount), (4 bytes).
    Removing efile.o(i.eFile_WOpen), (6 bytes).
    Removing timer5a.o(i.Timer5_Stop), (24 bytes).
    Removing dadd.o(.text), (334 bytes).
    Removing dmul.o(.text), (228 bytes).
    Removing ddiv.o(.text), (222 bytes).
    Removing dfixul.o(.text), (48 bytes).
    Removing cdrcmple.o(.text), (48 bytes).
    Removing depilogue.o(.text), (186 bytes).

159 unused section(s) (total 13399 bytes) removed from the image.

==============================================================================

Image Symbol Table

    Local Symbols

    Symbol Name                              Value     Ov Type        Size  Object(Section)

    RESET                                    0x00000000   Section      644  startup.o(RESET)
    ../clib/microlib/division.c              0x00000000   Number         0  uldiv.o ABSOLUTE
    ../clib/microlib/division.c              0x00000000   Number         0  uidiv.o ABSOLUTE
    ../clib/microlib/init/entry.s            0x00000000   Number         0  entry2.o ABSOLUTE
    ../clib/microlib/init/entry.s            0x00000000   Number         0  entry8b.o ABSOLUTE
    ../clib/microlib/init/entry.s            0x00000000   Number         0  entry9b.o ABSOLUTE
    ../clib/microlib/init/entry.s            0x00000000   Number         0  entry.o ABSOLUTE
    ../clib/microlib/init/entry.s            0x00000000   Number         0  entry12a.o ABSOLUTE
    ../clib/microlib/init/entry.s            0x00000000   Number         0  entry11b.o ABSOLUTE
    ../clib/microlib/init/entry.s            0x00000000   Number         0  entry11a.o ABSOLUTE
    ../clib/microlib/init/entry.s            0x00000000   Number         0  entry10b.o ABSOLUTE
    ../clib/microlib/init/entry.s            0x00000000   Number         0  entry10a.o ABSOLUTE
    ../clib/microlib/init/entry.s            0x00000000   Number         0  entry9a.o ABSOLUTE
    ../clib/microlib/init/entry.s            0x00000000   Number         0  entry8a.o ABSOLUTE
    ../clib/microlib/init/entry.s            0x00000000   Number         0  entry7b.o ABSOLUTE
    ../clib/microlib/init/entry.s            0x00000000   Number         0  entry7a.o ABSOLUTE
    ../clib/microlib/init/entry.s            0x00000000   Number         0  entry5.o ABSOLUTE
    ../clib/microlib/init/entry.s            0x00000000   Number         0  entry12b.o ABSOLUTE
    ../clib/microlib/longlong.c              0x00000000   Number         0  llshl.o ABSOLUTE
    ../clib/microlib/longlong.c              0x00000000   Number         0  llushr.o ABSOLUTE
    ../clib/microlib/longlong.c              0x00000000   Number         0  llsshr.o ABSOLUTE
    ../clib/microlib/printf/printf.c         0x00000000   Number         0  printf5.o ABSOLUTE
    ../clib/microlib/printf/printf.c         0x00000000   Number         0  printf1.o ABSOLUTE
    ../clib/microlib/printf/printf.c         0x00000000   Number         0  printfa.o ABSOLUTE
    ../clib/microlib/printf/printf.c         0x00000000   Number         0  printf8.o ABSOLUTE
    ../clib/microlib/printf/printf.c         0x00000000   Number         0  printf7.o ABSOLUTE
    ../clib/microlib/printf/printf.c         0x00000000   Number         0  printf6.o ABSOLUTE
    ../clib/microlib/printf/printf.c         0x00000000   Number         0  printf4.o ABSOLUTE
    ../clib/microlib/printf/printf.c         0x00000000   Number         0  printf3.o ABSOLUTE
    ../clib/microlib/printf/printf.c         0x00000000   Number         0  printf2.o ABSOLUTE
    ../clib/microlib/printf/printf.c         0x00000000   Number         0  printf0.o ABSOLUTE
    ../clib/microlib/printf/printf.c         0x00000000   Number         0  printfb.o ABSOLUTE
    ../clib/microlib/stdio/streams.c         0x00000000   Number         0  stdout.o ABSOLUTE
    ../clib/microlib/string/strcpy.c         0x00000000   Number         0  strcpy.o ABSOLUTE
    ../clib/microlib/stubs.s                 0x00000000   Number         0  iusefp.o ABSOLUTE
    ../fplib/microlib/fpadd.c                0x00000000   Number         0  dadd.o ABSOLUTE
    ../fplib/microlib/fpdiv.c                0x00000000   Number         0  ddiv.o ABSOLUTE
    ../fplib/microlib/fpepilogue.c           0x00000000   Number         0  depilogue.o ABSOLUTE
    ../fplib/microlib/fpfix.c                0x00000000   Number         0  dfixul.o ABSOLUTE
    ../fplib/microlib/fpmul.c                0x00000000   Number         0  dmul.o ABSOLUTE
    ..\RTOS_Labs_common\ADC.c                0x00000000   Number         0  adc.o ABSOLUTE
    ..\RTOS_Labs_common\Interpreter.c        0x00000000   Number         0  interpreter.o ABSOLUTE
    ..\RTOS_Labs_common\OS.c                 0x00000000   Number         0  os.o ABSOLUTE
    ..\RTOS_Labs_common\ST7735.c             0x00000000   Number         0  st7735.o ABSOLUTE
    ..\RTOS_Labs_common\UART0int.c           0x00000000   Number         0  uart0int.o ABSOLUTE
    ..\RTOS_Labs_common\eDisk.c              0x00000000   Number         0  edisk.o ABSOLUTE
    ..\RTOS_Labs_common\efile.c              0x00000000   Number         0  efile.o ABSOLUTE
    ..\inc\ADCSWTrigger.c                    0x00000000   Number         0  adcswtrigger.o ABSOLUTE
    ..\inc\IRDistance.c                      0x00000000   Number         0  irdistance.o ABSOLUTE
    ..\inc\LPF.c                             0x00000000   Number         0  lpf.o ABSOLUTE
    ..\inc\LaunchPad.c                       0x00000000   Number         0  launchpad.o ABSOLUTE
    ..\inc\PLL.c                             0x00000000   Number         0  pll.o ABSOLUTE
    ..\inc\Timer4A.c                         0x00000000   Number         0  timer4a.o ABSOLUTE
    ..\inc\Timer5A.c                         0x00000000   Number         0  timer5a.o ABSOLUTE
    ..\inc\WTimer0A.c                        0x00000000   Number         0  wtimer0a.o ABSOLUTE
    Lab1.c                                   0x00000000   Number         0  lab1.o ABSOLUTE
    cdrcmple.s                               0x00000000   Number         0  cdrcmple.o ABSOLUTE
    dc.s                                     0x00000000   Number         0  dc.o ABSOLUTE
    handlers.s                               0x00000000   Number         0  handlers.o ABSOLUTE
    init.s                                   0x00000000   Number         0  init.o ABSOLUTE
    startup.s                                0x00000000   Number         0  startup.o ABSOLUTE
    .ARM.Collect$$$$00000000                 0x00000284   Section        0  entry.o(.ARM.Collect$$$$00000000)
    .ARM.Collect$$$$00000001                 0x00000284   Section        4  entry2.o(.ARM.Collect$$$$00000001)
    .ARM.Collect$$$$00000004                 0x00000288   Section        4  entry5.o(.ARM.Collect$$$$00000004)
    .ARM.Collect$$$$00000008                 0x0000028c   Section        0  entry7b.o(.ARM.Collect$$$$00000008)
    .ARM.Collect$$$$0000000A                 0x0000028c   Section        0  entry8b.o(.ARM.Collect$$$$0000000A)
    .ARM.Collect$$$$0000000B                 0x0000028c   Section        8  entry9a.o(.ARM.Collect$$$$0000000B)
    .ARM.Collect$$$$0000000E                 0x00000294   Section        4  entry12b.o(.ARM.Collect$$$$0000000E)
    .ARM.Collect$$$$0000000F                 0x00000298   Section        0  entry10a.o(.ARM.Collect$$$$0000000F)
    .ARM.Collect$$$$00000011                 0x00000298   Section        0  entry11a.o(.ARM.Collect$$$$00000011)
    .ARM.Collect$$$$00002712                 0x00000298   Section        4  entry2.o(.ARM.Collect$$$$00002712)
    __lit__00000000                          0x00000298   Data           4  entry2.o(.ARM.Collect$$$$00002712)
    .text                                    0x0000029c   Section       28  startup.o(.text)
    .text                                    0x000002b8   Section       36  init.o(.text)
    i.ADC_In                                 0x000002dc   Section        0  adc.o(i.ADC_In)
    i.ADC_Init                               0x000002e0   Section        0  adc.o(i.ADC_Init)
    i.CS_Init                                0x000002e8   Section        0  edisk.o(i.CS_Init)
    i.DAStask                                0x00000374   Section        0  lab1.o(i.DAStask)
    i.Delay1ms                               0x000003dc   Section        0  st7735.o(i.Delay1ms)
    i.GPIOPortF_Handler                      0x000003fc   Section        0  os.o(i.GPIOPortF_Handler)
    i.IRDistance_Convert                     0x00000400   Section        0  irdistance.o(i.IRDistance_Convert)
    i.LaunchPad_Init                         0x00000440   Section        0  launchpad.o(i.LaunchPad_Init)
    i.Median                                 0x0000049c   Section        0  lpf.o(i.Median)
    i.OS_ClearMsTime                         0x0000051c   Section        0  os.o(i.OS_ClearMsTime)
    i.OS_EndRedirectToFile                   0x0000053c   Section        0  os.o(i.OS_EndRedirectToFile)
    i.OS_InitSemaphore                       0x00000558   Section        0  os.o(i.OS_InitSemaphore)
    i.OS_MsTime                              0x0000055c   Section        0  os.o(i.OS_MsTime)
    i.PLL_Init                               0x00000568   Section        0  pll.o(i.PLL_Init)
    i.RxFifo_Init                            0x000005e4   Section        0  uart0int.o(i.RxFifo_Init)
    i.RxFifo_Put                             0x000005f8   Section        0  uart0int.o(i.RxFifo_Put)
    i.RxFifo_Size                            0x00000634   Section        0  uart0int.o(i.RxFifo_Size)
    i.ST7735_DrawCharS                       0x0000064c   Section        0  st7735.o(i.ST7735_DrawCharS)
    i.ST7735_DrawPixel                       0x00000744   Section        0  st7735.o(i.ST7735_DrawPixel)
    i.ST7735_DrawString                      0x0000078c   Section        0  st7735.o(i.ST7735_DrawString)
    i.ST7735_FillRect                        0x000007e4   Section        0  st7735.o(i.ST7735_FillRect)
    i.ST7735_FillScreen                      0x00000890   Section        0  st7735.o(i.ST7735_FillScreen)
    i.ST7735_InitR                           0x000008b4   Section        0  st7735.o(i.ST7735_InitR)
    i.ST7735_Message                         0x0000093c   Section        0  st7735.o(i.ST7735_Message)
    i.ST7735_OutChar                         0x00000a08   Section        0  st7735.o(i.ST7735_OutChar)
    i.ST7735_OutString                       0x00000adc   Section        0  st7735.o(i.ST7735_OutString)
    i.ST7735_OutUDec5                        0x00000af4   Section        0  st7735.o(i.ST7735_OutUDec5)
    i.ST7735_SetCursor                       0x00000b80   Section        0  st7735.o(i.ST7735_SetCursor)
    i.SysTick_Handler                        0x00000ba0   Section        0  os.o(i.SysTick_Handler)
    i.Timer4A_Handler                        0x00000ba4   Section        0  timer4a.o(i.Timer4A_Handler)
    i.Timer4A_Init                           0x00000bbc   Section        0  timer4a.o(i.Timer4A_Init)
    i.Timer5A_Handler                        0x00000c1c   Section        0  timer5a.o(i.Timer5A_Handler)
    i.Timer5A_Init                           0x00000c34   Section        0  timer5a.o(i.Timer5A_Init)
    i.TxFifo_Get                             0x00000c94   Section        0  uart0int.o(i.TxFifo_Get)
    i.TxFifo_Init                            0x00000cd0   Section        0  uart0int.o(i.TxFifo_Init)
    i.TxFifo_Put                             0x00000ce4   Section        0  uart0int.o(i.TxFifo_Put)
    i.TxFifo_Size                            0x00000d20   Section        0  uart0int.o(i.TxFifo_Size)
    i.UART0_Handler                          0x00000d38   Section        0  uart0int.o(i.UART0_Handler)
    i.UART_Init                              0x00000d90   Section        0  uart0int.o(i.UART_Init)
    i.UART_OutChar                           0x00000e58   Section        0  uart0int.o(i.UART_OutChar)
    i.WideTimer0A_Handler                    0x00000e8c   Section        0  wtimer0a.o(i.WideTimer0A_Handler)
    i.__0printf$bare                         0x00000ea4   Section        0  printfb.o(i.__0printf$bare)
    i.__scatterload_copy                     0x00000eb4   Section       14  handlers.o(i.__scatterload_copy)
    i.__scatterload_null                     0x00000ec2   Section        2  handlers.o(i.__scatterload_null)
    i.__scatterload_zeroinit                 0x00000ec4   Section       14  handlers.o(i.__scatterload_zeroinit)
    i._printf_core                           0x00000ed2   Section        0  printfb.o(i._printf_core)
    _printf_core                             0x00000ed3   Thumb Code    34  printfb.o(i._printf_core)
    i.commandList                            0x00000ef4   Section        0  st7735.o(i.commandList)
    commandList                              0x00000ef5   Thumb Code    86  st7735.o(i.commandList)
    i.commonInit                             0x00000f4c   Section        0  st7735.o(i.commonInit)
    commonInit                               0x00000f4d   Thumb Code   346  st7735.o(i.commonInit)
    i.copyHardwareToSoftware                 0x000010d8   Section        0  uart0int.o(i.copyHardwareToSoftware)
    copyHardwareToSoftware                   0x000010d9   Thumb Code    40  uart0int.o(i.copyHardwareToSoftware)
    i.copySoftwareToHardware                 0x00001104   Section        0  uart0int.o(i.copySoftwareToHardware)
    copySoftwareToHardware                   0x00001105   Thumb Code    38  uart0int.o(i.copySoftwareToHardware)
    i.eFile_WClose                           0x00001130   Section        0  efile.o(i.eFile_WClose)
    i.eFile_Write                            0x00001134   Section        0  efile.o(i.eFile_Write)
    i.fillmessage                            0x0000113c   Section        0  st7735.o(i.fillmessage)
    i.fillmessage5                           0x00001184   Section        0  st7735.o(i.fillmessage5)
    i.fputc                                  0x00001204   Section        0  os.o(i.fputc)
    i.incrementMS                            0x00001234   Section        0  os.o(i.incrementMS)
    i.main                                   0x00001244   Section        0  lab1.o(i.main)
    i.pushColor                              0x00001298   Section        0  st7735.o(i.pushColor)
    pushColor                                0x00001299   Thumb Code    18  st7735.o(i.pushColor)
    i.setAddrWindow                          0x000012ac   Section        0  st7735.o(i.setAddrWindow)
    setAddrWindow                            0x000012ad   Thumb Code   106  st7735.o(i.setAddrWindow)
    i.writecommand                           0x00001320   Section        0  st7735.o(i.writecommand)
    writecommand                             0x00001321   Thumb Code    68  st7735.o(i.writecommand)
    i.writedata                              0x00001370   Section        0  st7735.o(i.writedata)
    writedata                                0x00001371   Thumb Code    70  st7735.o(i.writedata)
    .constdata                               0x000013c4   Section     2114  st7735.o(.constdata)
    Font                                     0x000013c4   Data        1275  st7735.o(.constdata)
    Bcmd                                     0x000018bf   Data         103  st7735.o(.constdata)
    Rcmd1                                    0x00001926   Data          59  st7735.o(.constdata)
    Rcmd2green                               0x00001961   Data          13  st7735.o(.constdata)
    Rcmd2red                                 0x0000196e   Data          13  st7735.o(.constdata)
    Rcmd3                                    0x0000197b   Data          43  st7735.o(.constdata)
    .constdata                               0x00001c08   Section       64  irdistance.o(.constdata)
    .data                                    0x20000000   Section       16  lab1.o(.data)
    .data                                    0x20000010   Section       12  os.o(.data)
    .data                                    0x2000001c   Section       48  st7735.o(.data)
    ColStart                                 0x20000026   Data           1  st7735.o(.data)
    RowStart                                 0x20000027   Data           1  st7735.o(.data)
    Rotation                                 0x20000028   Data           1  st7735.o(.data)
    TabColor                                 0x20000029   Data           1  st7735.o(.data)
    _width                                   0x2000002a   Data           2  st7735.o(.data)
    _height                                  0x2000002c   Data           2  st7735.o(.data)
    .data                                    0x2000004c   Section       16  uart0int.o(.data)
    .data                                    0x2000005c   Section      156  lpf.o(.data)
    n                                        0x200000f4   Data           4  lpf.o(.data)
    .data                                    0x200000f8   Section        4  timer4a.o(.data)
    .data                                    0x200000fc   Section        4  wtimer0a.o(.data)
    .data                                    0x20000100   Section        4  timer5a.o(.data)
    .data                                    0x20000104   Section        4  stdout.o(.data)
    .bss                                     0x20000108   Section       12  st7735.o(.bss)
    .bss                                     0x20000114   Section     2048  uart0int.o(.bss)
    RxFifo                                   0x20000114   Data        1024  uart0int.o(.bss)
    TxFifo                                   0x20000514   Data        1024  uart0int.o(.bss)
    STACK                                    0x20000918   Section     1024  startup.o(STACK)
    StackMem                                 0x20000918   Data           0  startup.o(STACK)

    Global Symbols

    Symbol Name                              Value     Ov Type        Size  Object(Section)

    BuildAttributes$$THM_ISAv4$E$P$D$K$B$S$7EM$PE$A:L22UL41UL21$X:L11$S22US41US21$IEEE1$IW$USESV6$~STKCKD$USESV7$~SHL$OSPACE$ROPI$EBA8$MICROLIB$REQ8$PRES8$EABIv2 0x00000000   Number         0  anon$$obj.o ABSOLUTE
    __ARM_use_no_argv                        0x00000000   Number         0  lab1.o ABSOLUTE
    __Vectors                                0x00000000   Data           0  startup.o(RESET)
    __arm_fini_                               - Undefined Weak Reference
    __cpp_initialize__aeabi_                  - Undefined Weak Reference
    __cxa_finalize                            - Undefined Weak Reference
    __decompress                              - Undefined Weak Reference
    _clock_init                               - Undefined Weak Reference
    _microlib_exit                            - Undefined Weak Reference
    Reset_Handler                            0x0000026d   Thumb Code     0  startup.o(RESET)
    NMI_Handler                              0x00000271   Thumb Code     2  startup.o(RESET)
    HardFault_Handler                        0x00000273   Thumb Code     2  startup.o(RESET)
    MemManage_Handler                        0x00000275   Thumb Code     2  startup.o(RESET)
    BusFault_Handler                         0x00000277   Thumb Code     2  startup.o(RESET)
    UsageFault_Handler                       0x00000279   Thumb Code     2  startup.o(RESET)
    SVC_Handler                              0x0000027b   Thumb Code     2  startup.o(RESET)
    DebugMon_Handler                         0x0000027d   Thumb Code     2  startup.o(RESET)
    PendSV_Handler                           0x0000027f   Thumb Code     2  startup.o(RESET)
    ADC0Seq0_Handler                         0x00000283   Thumb Code     0  startup.o(RESET)
    ADC0Seq1_Handler                         0x00000283   Thumb Code     0  startup.o(RESET)
    ADC0Seq2_Handler                         0x00000283   Thumb Code     0  startup.o(RESET)
    ADC0Seq3_Handler                         0x00000283   Thumb Code     0  startup.o(RESET)
    ADC1Seq0_Handler                         0x00000283   Thumb Code     0  startup.o(RESET)
    ADC1Seq1_Handler                         0x00000283   Thumb Code     0  startup.o(RESET)
    ADC1Seq2_Handler                         0x00000283   Thumb Code     0  startup.o(RESET)
    ADC1Seq3_Handler                         0x00000283   Thumb Code     0  startup.o(RESET)
    CAN0_Handler                             0x00000283   Thumb Code     0  startup.o(RESET)
    CAN1_Handler                             0x00000283   Thumb Code     0  startup.o(RESET)
    CAN2_Handler                             0x00000283   Thumb Code     0  startup.o(RESET)
    Comp0_Handler                            0x00000283   Thumb Code     0  startup.o(RESET)
    Comp1_Handler                            0x00000283   Thumb Code     0  startup.o(RESET)
    Comp2_Handler                            0x00000283   Thumb Code     0  startup.o(RESET)
    Ethernet_Handler                         0x00000283   Thumb Code     0  startup.o(RESET)
    ExtBus_Handler                           0x00000283   Thumb Code     0  startup.o(RESET)
    FPU_Handler                              0x00000283   Thumb Code     0  startup.o(RESET)
    Fan0_Handler                             0x00000283   Thumb Code     0  startup.o(RESET)
    FlashCtl_Handler                         0x00000283   Thumb Code     0  startup.o(RESET)
    GPIOPortA_Handler                        0x00000283   Thumb Code     0  startup.o(RESET)
    GPIOPortB_Handler                        0x00000283   Thumb Code     0  startup.o(RESET)
    GPIOPortC_Handler                        0x00000283   Thumb Code     0  startup.o(RESET)
    GPIOPortD_Handler                        0x00000283   Thumb Code     0  startup.o(RESET)
    GPIOPortE_Handler                        0x00000283   Thumb Code     0  startup.o(RESET)
    GPIOPortG_Handler                        0x00000283   Thumb Code     0  startup.o(RESET)
    GPIOPortH_Handler                        0x00000283   Thumb Code     0  startup.o(RESET)
    GPIOPortJ_Handler                        0x00000283   Thumb Code     0  startup.o(RESET)
    GPIOPortK_Handler                        0x00000283   Thumb Code     0  startup.o(RESET)
    GPIOPortL_Handler                        0x00000283   Thumb Code     0  startup.o(RESET)
    GPIOPortM_Handler                        0x00000283   Thumb Code     0  startup.o(RESET)
    GPIOPortN_Handler                        0x00000283   Thumb Code     0  startup.o(RESET)
    GPIOPortP1_Handler                       0x00000283   Thumb Code     0  startup.o(RESET)
    GPIOPortP2_Handler                       0x00000283   Thumb Code     0  startup.o(RESET)
    GPIOPortP3_Handler                       0x00000283   Thumb Code     0  startup.o(RESET)
    GPIOPortP4_Handler                       0x00000283   Thumb Code     0  startup.o(RESET)
    GPIOPortP5_Handler                       0x00000283   Thumb Code     0  startup.o(RESET)
    GPIOPortP6_Handler                       0x00000283   Thumb Code     0  startup.o(RESET)
    GPIOPortP7_Handler                       0x00000283   Thumb Code     0  startup.o(RESET)
    GPIOPortP_Handler                        0x00000283   Thumb Code     0  startup.o(RESET)
    GPIOPortQ1_Handler                       0x00000283   Thumb Code     0  startup.o(RESET)
    GPIOPortQ2_Handler                       0x00000283   Thumb Code     0  startup.o(RESET)
    GPIOPortQ3_Handler                       0x00000283   Thumb Code     0  startup.o(RESET)
    GPIOPortQ4_Handler                       0x00000283   Thumb Code     0  startup.o(RESET)
    GPIOPortQ5_Handler                       0x00000283   Thumb Code     0  startup.o(RESET)
    GPIOPortQ6_Handler                       0x00000283   Thumb Code     0  startup.o(RESET)
    GPIOPortQ7_Handler                       0x00000283   Thumb Code     0  startup.o(RESET)
    GPIOPortQ_Handler                        0x00000283   Thumb Code     0  startup.o(RESET)
    GPIOPortR_Handler                        0x00000283   Thumb Code     0  startup.o(RESET)
    GPIOPortS_Handler                        0x00000283   Thumb Code     0  startup.o(RESET)
    Hibernate_Handler                        0x00000283   Thumb Code     0  startup.o(RESET)
    I2C0_Handler                             0x00000283   Thumb Code     0  startup.o(RESET)
    I2C1_Handler                             0x00000283   Thumb Code     0  startup.o(RESET)
    I2C2_Handler                             0x00000283   Thumb Code     0  startup.o(RESET)
    I2C3_Handler                             0x00000283   Thumb Code     0  startup.o(RESET)
    I2C4_Handler                             0x00000283   Thumb Code     0  startup.o(RESET)
    I2C5_Handler                             0x00000283   Thumb Code     0  startup.o(RESET)
    I2S0_Handler                             0x00000283   Thumb Code     0  startup.o(RESET)
    LPC0_Handler                             0x00000283   Thumb Code     0  startup.o(RESET)
    PECI0_Handler                            0x00000283   Thumb Code     0  startup.o(RESET)
    PWM0Fault_Handler                        0x00000283   Thumb Code     0  startup.o(RESET)
    PWM0Generator0_Handler                   0x00000283   Thumb Code     0  startup.o(RESET)
    PWM0Generator1_Handler                   0x00000283   Thumb Code     0  startup.o(RESET)
    PWM0Generator2_Handler                   0x00000283   Thumb Code     0  startup.o(RESET)
    PWM0Generator3_Handler                   0x00000283   Thumb Code     0  startup.o(RESET)
    PWM1Fault_Handler                        0x00000283   Thumb Code     0  startup.o(RESET)
    PWM1Generator0_Handler                   0x00000283   Thumb Code     0  startup.o(RESET)
    PWM1Generator1_Handler                   0x00000283   Thumb Code     0  startup.o(RESET)
    PWM1Generator2_Handler                   0x00000283   Thumb Code     0  startup.o(RESET)
    PWM1Generator3_Handler                   0x00000283   Thumb Code     0  startup.o(RESET)
    Quadrature0_Handler                      0x00000283   Thumb Code     0  startup.o(RESET)
    Quadrature1_Handler                      0x00000283   Thumb Code     0  startup.o(RESET)
    Quadrature2_Handler                      0x00000283   Thumb Code     0  startup.o(RESET)
    SSI0_Handler                             0x00000283   Thumb Code     0  startup.o(RESET)
    SSI1_Handler                             0x00000283   Thumb Code     0  startup.o(RESET)
    SSI2_Handler                             0x00000283   Thumb Code     0  startup.o(RESET)
    SSI3_Handler                             0x00000283   Thumb Code     0  startup.o(RESET)
    SysCtl_Handler                           0x00000283   Thumb Code     0  startup.o(RESET)
    Timer0A_Handler                          0x00000283   Thumb Code     0  startup.o(RESET)
    Timer0B_Handler                          0x00000283   Thumb Code     0  startup.o(RESET)
    Timer1A_Handler                          0x00000283   Thumb Code     0  startup.o(RESET)
    Timer1B_Handler                          0x00000283   Thumb Code     0  startup.o(RESET)
    Timer2A_Handler                          0x00000283   Thumb Code     0  startup.o(RESET)
    Timer2B_Handler                          0x00000283   Thumb Code     0  startup.o(RESET)
    Timer3A_Handler                          0x00000283   Thumb Code     0  startup.o(RESET)
    Timer3B_Handler                          0x00000283   Thumb Code     0  startup.o(RESET)
    Timer4B_Handler                          0x00000283   Thumb Code     0  startup.o(RESET)
    Timer5B_Handler                          0x00000283   Thumb Code     0  startup.o(RESET)
    UART1_Handler                            0x00000283   Thumb Code     0  startup.o(RESET)
    UART2_Handler                            0x00000283   Thumb Code     0  startup.o(RESET)
    UART3_Handler                            0x00000283   Thumb Code     0  startup.o(RESET)
    UART4_Handler                            0x00000283   Thumb Code     0  startup.o(RESET)
    UART5_Handler                            0x00000283   Thumb Code     0  startup.o(RESET)
    UART6_Handler                            0x00000283   Thumb Code     0  startup.o(RESET)
    UART7_Handler                            0x00000283   Thumb Code     0  startup.o(RESET)
    USB0_Handler                             0x00000283   Thumb Code     0  startup.o(RESET)
    WDT_Handler                              0x00000283   Thumb Code     0  startup.o(RESET)
    WideTimer0B_Handler                      0x00000283   Thumb Code     0  startup.o(RESET)
    WideTimer1A_Handler                      0x00000283   Thumb Code     0  startup.o(RESET)
    WideTimer1B_Handler                      0x00000283   Thumb Code     0  startup.o(RESET)
    WideTimer2A_Handler                      0x00000283   Thumb Code     0  startup.o(RESET)
    WideTimer2B_Handler                      0x00000283   Thumb Code     0  startup.o(RESET)
    WideTimer3A_Handler                      0x00000283   Thumb Code     0  startup.o(RESET)
    WideTimer3B_Handler                      0x00000283   Thumb Code     0  startup.o(RESET)
    WideTimer4A_Handler                      0x00000283   Thumb Code     0  startup.o(RESET)
    WideTimer4B_Handler                      0x00000283   Thumb Code     0  startup.o(RESET)
    WideTimer5A_Handler                      0x00000283   Thumb Code     0  startup.o(RESET)
    WideTimer5B_Handler                      0x00000283   Thumb Code     0  startup.o(RESET)
    uDMA_Error                               0x00000283   Thumb Code     0  startup.o(RESET)
    uDMA_Handler                             0x00000283   Thumb Code     0  startup.o(RESET)
    __main                                   0x00000285   Thumb Code     0  entry.o(.ARM.Collect$$$$00000000)
    _main_stk                                0x00000285   Thumb Code     0  entry2.o(.ARM.Collect$$$$00000001)
    _main_scatterload                        0x00000289   Thumb Code     0  entry5.o(.ARM.Collect$$$$00000004)
    __main_after_scatterload                 0x0000028d   Thumb Code     0  entry5.o(.ARM.Collect$$$$00000004)
    _main_clock                              0x0000028d   Thumb Code     0  entry7b.o(.ARM.Collect$$$$00000008)
    _main_cpp_init                           0x0000028d   Thumb Code     0  entry8b.o(.ARM.Collect$$$$0000000A)
    _main_init                               0x0000028d   Thumb Code     0  entry9a.o(.ARM.Collect$$$$0000000B)
    __rt_lib_shutdown_fini                   0x00000295   Thumb Code     0  entry12b.o(.ARM.Collect$$$$0000000E)
    __rt_final_cpp                           0x00000299   Thumb Code     0  entry10a.o(.ARM.Collect$$$$0000000F)
    __rt_final_exit                          0x00000299   Thumb Code     0  entry11a.o(.ARM.Collect$$$$00000011)
    DisableInterrupts                        0x0000029d   Thumb Code     0  startup.o(.text)
    EnableInterrupts                         0x000002a1   Thumb Code     0  startup.o(.text)
    StartCritical                            0x000002a5   Thumb Code     0  startup.o(.text)
    EndCritical                              0x000002ad   Thumb Code     0  startup.o(.text)
    WaitForInterrupt                         0x000002b3   Thumb Code     0  startup.o(.text)
    __scatterload                            0x000002b9   Thumb Code    28  init.o(.text)
    __scatterload_rt2                        0x000002b9   Thumb Code     0  init.o(.text)
    ADC_In                                   0x000002dd   Thumb Code     4  adc.o(i.ADC_In)
    ADC_Init                                 0x000002e1   Thumb Code     6  adc.o(i.ADC_Init)
    CS_Init                                  0x000002e9   Thumb Code   118  edisk.o(i.CS_Init)
    DAStask                                  0x00000375   Thumb Code    84  lab1.o(i.DAStask)
    Delay1ms                                 0x000003dd   Thumb Code    32  st7735.o(i.Delay1ms)
    GPIOPortF_Handler                        0x000003fd   Thumb Code     2  os.o(i.GPIOPortF_Handler)
    IRDistance_Convert                       0x00000401   Thumb Code    46  irdistance.o(i.IRDistance_Convert)
    LaunchPad_Init                           0x00000441   Thumb Code    70  launchpad.o(i.LaunchPad_Init)
    Median                                   0x0000049d   Thumb Code   114  lpf.o(i.Median)
    OS_ClearMsTime                           0x0000051d   Thumb Code    20  os.o(i.OS_ClearMsTime)
    OS_EndRedirectToFile                     0x0000053d   Thumb Code    22  os.o(i.OS_EndRedirectToFile)
    OS_InitSemaphore                         0x00000559   Thumb Code     2  os.o(i.OS_InitSemaphore)
    OS_MsTime                                0x0000055d   Thumb Code     6  os.o(i.OS_MsTime)
    PLL_Init                                 0x00000569   Thumb Code   120  pll.o(i.PLL_Init)
    RxFifo_Init                              0x000005e5   Thumb Code    12  uart0int.o(i.RxFifo_Init)
    RxFifo_Put                               0x000005f9   Thumb Code    48  uart0int.o(i.RxFifo_Put)
    RxFifo_Size                              0x00000635   Thumb Code    14  uart0int.o(i.RxFifo_Size)
    ST7735_DrawCharS                         0x0000064d   Thumb Code   236  st7735.o(i.ST7735_DrawCharS)
    ST7735_DrawPixel                         0x00000745   Thumb Code    64  st7735.o(i.ST7735_DrawPixel)
    ST7735_DrawString                        0x0000078d   Thumb Code    86  st7735.o(i.ST7735_DrawString)
    ST7735_FillRect                          0x000007e5   Thumb Code   164  st7735.o(i.ST7735_FillRect)
    ST7735_FillScreen                        0x00000891   Thumb Code    28  st7735.o(i.ST7735_FillScreen)
    ST7735_InitR                             0x000008b5   Thumb Code    98  st7735.o(i.ST7735_InitR)
    ST7735_Message                           0x0000093d   Thumb Code   168  st7735.o(i.ST7735_Message)
    ST7735_OutChar                           0x00000a09   Thumb Code   176  st7735.o(i.ST7735_OutChar)
    ST7735_OutString                         0x00000add   Thumb Code    24  st7735.o(i.ST7735_OutString)
    ST7735_OutUDec5                          0x00000af5   Thumb Code   118  st7735.o(i.ST7735_OutUDec5)
    ST7735_SetCursor                         0x00000b81   Thumb Code    22  st7735.o(i.ST7735_SetCursor)
    SysTick_Handler                          0x00000ba1   Thumb Code     2  os.o(i.SysTick_Handler)
    Timer4A_Handler                          0x00000ba5   Thumb Code    16  timer4a.o(i.Timer4A_Handler)
    Timer4A_Init                             0x00000bbd   Thumb Code    74  timer4a.o(i.Timer4A_Init)
    Timer5A_Handler                          0x00000c1d   Thumb Code    16  timer5a.o(i.Timer5A_Handler)
    Timer5A_Init                             0x00000c35   Thumb Code    76  timer5a.o(i.Timer5A_Init)
    TxFifo_Get                               0x00000c95   Thumb Code    46  uart0int.o(i.TxFifo_Get)
    TxFifo_Init                              0x00000cd1   Thumb Code    12  uart0int.o(i.TxFifo_Init)
    TxFifo_Put                               0x00000ce5   Thumb Code    48  uart0int.o(i.TxFifo_Put)
    TxFifo_Size                              0x00000d21   Thumb Code    14  uart0int.o(i.TxFifo_Size)
    UART0_Handler                            0x00000d39   Thumb Code    82  uart0int.o(i.UART0_Handler)
    UART_Init                                0x00000d91   Thumb Code   174  uart0int.o(i.UART_Init)
    UART_OutChar                             0x00000e59   Thumb Code    46  uart0int.o(i.UART_OutChar)
    WideTimer0A_Handler                      0x00000e8d   Thumb Code    16  wtimer0a.o(i.WideTimer0A_Handler)
    __0printf$bare                           0x00000ea5   Thumb Code     8  printfb.o(i.__0printf$bare)
    __1printf$bare                           0x00000ea5   Thumb Code     0  printfb.o(i.__0printf$bare)
    __2printf                                0x00000ea5   Thumb Code     0  printfb.o(i.__0printf$bare)
    __scatterload_copy                       0x00000eb5   Thumb Code    14  handlers.o(i.__scatterload_copy)
    __scatterload_null                       0x00000ec3   Thumb Code     2  handlers.o(i.__scatterload_null)
    __scatterload_zeroinit                   0x00000ec5   Thumb Code    14  handlers.o(i.__scatterload_zeroinit)
    eFile_WClose                             0x00001131   Thumb Code     4  efile.o(i.eFile_WClose)
    eFile_Write                              0x00001135   Thumb Code     6  efile.o(i.eFile_Write)
    fillmessage                              0x0000113d   Thumb Code    64  st7735.o(i.fillmessage)
    fillmessage5                             0x00001185   Thumb Code   116  st7735.o(i.fillmessage5)
    fputc                                    0x00001205   Thumb Code    44  os.o(i.fputc)
    incrementMS                              0x00001235   Thumb Code    12  os.o(i.incrementMS)
    main                                     0x00001245   Thumb Code    66  lab1.o(i.main)
    smallCircle                              0x000019a6   Data          36  st7735.o(.constdata)
    circle                                   0x000019ca   Data          60  st7735.o(.constdata)
    dBfs                                     0x00001a06   Data         512  st7735.o(.constdata)
    A                                        0x00001c08   Data          16  irdistance.o(.constdata)
    B                                        0x00001c18   Data          16  irdistance.o(.constdata)
    C                                        0x00001c28   Data          16  irdistance.o(.constdata)
    IRmax                                    0x00001c38   Data          16  irdistance.o(.constdata)
    Region$$Table$$Base                      0x00001c48   Number         0  anon$$obj.o(Region$$Table)
    Region$$Table$$Limit                     0x00001c68   Number         0  anon$$obj.o(Region$$Table)
    ADCdata                                  0x20000000   Data           4  lab1.o(.data)
    FilterOutput                             0x20000004   Data           4  lab1.o(.data)
    Distance                                 0x20000008   Data           4  lab1.o(.data)
    FilterWork                               0x2000000c   Data           4  lab1.o(.data)
    MaxJitter                                0x20000010   Data           4  os.o(.data)
    milliseconds                             0x20000014   Data           4  os.o(.data)
    StreamToDevice                           0x20000018   Data           4  os.o(.data)
    StX                                      0x2000001c   Data           4  st7735.o(.data)
    StY                                      0x20000020   Data           4  st7735.o(.data)
    StTextColor                              0x20000024   Data           2  st7735.o(.data)
    LCDFree                                  0x20000030   Data           4  st7735.o(.data)
    Messageindex                             0x20000034   Data           4  st7735.o(.data)
    Ymax                                     0x20000038   Data           4  st7735.o(.data)
    Ymin                                     0x2000003c   Data           4  st7735.o(.data)
    X                                        0x20000040   Data           4  st7735.o(.data)
    Yrange                                   0x20000044   Data           4  st7735.o(.data)
    lastj                                    0x20000048   Data           4  st7735.o(.data)
    RxPutI                                   0x2000004c   Data           4  uart0int.o(.data)
    RxGetI                                   0x20000050   Data           4  uart0int.o(.data)
    TxPutI                                   0x20000054   Data           4  uart0int.o(.data)
    TxGetI                                   0x20000058   Data           4  uart0int.o(.data)
    Size1                                    0x2000005c   Data           4  lpf.o(.data)
    I1                                       0x20000060   Data           4  lpf.o(.data)
    LPFSum1                                  0x20000064   Data           4  lpf.o(.data)
    sigma1                                   0x20000068   Data           4  lpf.o(.data)
    snr1                                     0x2000006c   Data           4  lpf.o(.data)
    Size2                                    0x20000070   Data           4  lpf.o(.data)
    I2                                       0x20000074   Data           4  lpf.o(.data)
    LPFSum2                                  0x20000078   Data           4  lpf.o(.data)
    sigma2                                   0x2000007c   Data           4  lpf.o(.data)
    snr2                                     0x20000080   Data           4  lpf.o(.data)
    Size3                                    0x20000084   Data           4  lpf.o(.data)
    I3                                       0x20000088   Data           4  lpf.o(.data)
    LPFSum3                                  0x2000008c   Data           4  lpf.o(.data)
    sigma3                                   0x20000090   Data           4  lpf.o(.data)
    snr3                                     0x20000094   Data           4  lpf.o(.data)
    Size4                                    0x20000098   Data           4  lpf.o(.data)
    I4                                       0x2000009c   Data           4  lpf.o(.data)
    LPFSum4                                  0x200000a0   Data           4  lpf.o(.data)
    sigma4                                   0x200000a4   Data           4  lpf.o(.data)
    snr4                                     0x200000a8   Data           4  lpf.o(.data)
    Size5                                    0x200000ac   Data           4  lpf.o(.data)
    I5                                       0x200000b0   Data           4  lpf.o(.data)
    LPFSum5                                  0x200000b4   Data           4  lpf.o(.data)
    sigma5                                   0x200000b8   Data           4  lpf.o(.data)
    snr5                                     0x200000bc   Data           4  lpf.o(.data)
    Size6                                    0x200000c0   Data           4  lpf.o(.data)
    I6                                       0x200000c4   Data           4  lpf.o(.data)
    LPFSum6                                  0x200000c8   Data           4  lpf.o(.data)
    sigma6                                   0x200000cc   Data           4  lpf.o(.data)
    snr6                                     0x200000d0   Data           4  lpf.o(.data)
    Size7                                    0x200000d4   Data           4  lpf.o(.data)
    I7                                       0x200000d8   Data           4  lpf.o(.data)
    LPFSum7                                  0x200000dc   Data           4  lpf.o(.data)
    sigma7                                   0x200000e0   Data           4  lpf.o(.data)
    snr7                                     0x200000e4   Data           4  lpf.o(.data)
    u1                                       0x200000e8   Data           4  lpf.o(.data)
    u2                                       0x200000ec   Data           4  lpf.o(.data)
    u3                                       0x200000f0   Data           4  lpf.o(.data)
    PeriodicTask4                            0x200000f8   Data           4  timer4a.o(.data)
    WidePeriodicTask0                        0x200000fc   Data           4  wtimer0a.o(.data)
    PeriodicTask5                            0x20000100   Data           4  timer5a.o(.data)
    __stdout                                 0x20000104   Data           4  stdout.o(.data)
    Message                                  0x20000108   Data          12  st7735.o(.bss)
    __initial_sp                             0x20000d18   Data           0  startup.o(STACK)



==============================================================================

Memory Map of the image

  Image Entry point : 0x0000026d

  Load Region LR_1 (Base: 0x00000000, Size: 0x00001d70, Max: 0xffffffff, ABSOLUTE)

    Execution Region ER_RO (Exec base: 0x00000000, Load base: 0x00000000, Size: 0x00001c68, Max: 0xffffffff, ABSOLUTE)

    Exec Addr    Load Addr    Size         Type   Attr      Idx    E Section Name        Object

    0x00000000   0x00000000   0x00000284   Code   RO            3  * RESET               startup.o
    0x00000284   0x00000284   0x00000000   Code   RO         1443  * .ARM.Collect$$$$00000000  mc_w.l(entry.o)
    0x00000284   0x00000284   0x00000004   Code   RO         1708    .ARM.Collect$$$$00000001  mc_w.l(entry2.o)
    0x00000288   0x00000288   0x00000004   Code   RO         1711    .ARM.Collect$$$$00000004  mc_w.l(entry5.o)
    0x0000028c   0x0000028c   0x00000000   Code   RO         1713    .ARM.Collect$$$$00000008  mc_w.l(entry7b.o)
    0x0000028c   0x0000028c   0x00000000   Code   RO         1715    .ARM.Collect$$$$0000000A  mc_w.l(entry8b.o)
    0x0000028c   0x0000028c   0x00000008   Code   RO         1716    .ARM.Collect$$$$0000000B  mc_w.l(entry9a.o)
    0x00000294   0x00000294   0x00000004   Code   RO         1723    .ARM.Collect$$$$0000000E  mc_w.l(entry12b.o)
    0x00000298   0x00000298   0x00000000   Code   RO         1718    .ARM.Collect$$$$0000000F  mc_w.l(entry10a.o)
    0x00000298   0x00000298   0x00000000   Code   RO         1720    .ARM.Collect$$$$00000011  mc_w.l(entry11a.o)
    0x00000298   0x00000298   0x00000004   Code   RO         1709    .ARM.Collect$$$$00002712  mc_w.l(entry2.o)
    0x0000029c   0x0000029c   0x0000001c   Code   RO            4    .text               startup.o
    0x000002b8   0x000002b8   0x00000024   Code   RO         1740    .text               mc_w.l(init.o)
    0x000002dc   0x000002dc   0x00000004   Code   RO         1398    i.ADC_In            adc.o
    0x000002e0   0x000002e0   0x00000006   Code   RO         1399    i.ADC_Init          adc.o
    0x000002e6   0x000002e6   0x00000002   PAD
    0x000002e8   0x000002e8   0x0000008c   Code   RO         1179    i.CS_Init           edisk.o
    0x00000374   0x00000374   0x00000068   Code   RO           12    i.DAStask           lab1.o
    0x000003dc   0x000003dc   0x00000020   Code   RO          442    i.Delay1ms          st7735.o
    0x000003fc   0x000003fc   0x00000002   Code   RO           70    i.GPIOPortF_Handler  os.o
    0x000003fe   0x000003fe   0x00000002   PAD
    0x00000400   0x00000400   0x00000040   Code   RO         1110    i.IRDistance_Convert  irdistance.o
    0x00000440   0x00000440   0x0000005c   Code   RO          378    i.LaunchPad_Init    launchpad.o
    0x0000049c   0x0000049c   0x00000080   Code   RO          971    i.Median            lpf.o
    0x0000051c   0x0000051c   0x00000020   Code   RO           76    i.OS_ClearMsTime    os.o
    0x0000053c   0x0000053c   0x0000001c   Code   RO           77    i.OS_EndRedirectToFile  os.o
    0x00000558   0x00000558   0x00000002   Code   RO           84    i.OS_InitSemaphore  os.o
    0x0000055a   0x0000055a   0x00000002   PAD
    0x0000055c   0x0000055c   0x0000000c   Code   RO           91    i.OS_MsTime         os.o
    0x00000568   0x00000568   0x0000007c   Code   RO          427    i.PLL_Init          pll.o
    0x000005e4   0x000005e4   0x00000014   Code   RO          713    i.RxFifo_Init       uart0int.o
    0x000005f8   0x000005f8   0x0000003c   Code   RO          714    i.RxFifo_Put        uart0int.o
    0x00000634   0x00000634   0x00000018   Code   RO          715    i.RxFifo_Size       uart0int.o
    0x0000064c   0x0000064c   0x000000f8   Code   RO          446    i.ST7735_DrawCharS  st7735.o
    0x00000744   0x00000744   0x00000048   Code   RO          450    i.ST7735_DrawPixel  st7735.o
    0x0000078c   0x0000078c   0x00000056   Code   RO          452    i.ST7735_DrawString  st7735.o
    0x000007e2   0x000007e2   0x00000002   PAD
    0x000007e4   0x000007e4   0x000000ac   Code   RO          453    i.ST7735_FillRect   st7735.o
    0x00000890   0x00000890   0x00000024   Code   RO          454    i.ST7735_FillScreen  st7735.o
    0x000008b4   0x000008b4   0x00000088   Code   RO          456    i.ST7735_InitR      st7735.o
    0x0000093c   0x0000093c   0x000000cc   Code   RO          458    i.ST7735_Message    st7735.o
    0x00000a08   0x00000a08   0x000000d4   Code   RO          459    i.ST7735_OutChar    st7735.o
    0x00000adc   0x00000adc   0x00000018   Code   RO          460    i.ST7735_OutString  st7735.o
    0x00000af4   0x00000af4   0x0000008c   Code   RO          464    i.ST7735_OutUDec5   st7735.o
    0x00000b80   0x00000b80   0x00000020   Code   RO          473    i.ST7735_SetCursor  st7735.o
    0x00000ba0   0x00000ba0   0x00000002   Code   RO          104    i.SysTick_Handler   os.o
    0x00000ba2   0x00000ba2   0x00000002   PAD
    0x00000ba4   0x00000ba4   0x00000018   Code   RO         1125    i.Timer4A_Handler   timer4a.o
    0x00000bbc   0x00000bbc   0x00000060   Code   RO         1126    i.Timer4A_Init      timer4a.o
    0x00000c1c   0x00000c1c   0x00000018   Code   RO         1416    i.Timer5A_Handler   timer5a.o
    0x00000c34   0x00000c34   0x00000060   Code   RO         1417    i.Timer5A_Init      timer5a.o
    0x00000c94   0x00000c94   0x0000003c   Code   RO          716    i.TxFifo_Get        uart0int.o
    0x00000cd0   0x00000cd0   0x00000014   Code   RO          717    i.TxFifo_Init       uart0int.o
    0x00000ce4   0x00000ce4   0x0000003c   Code   RO          718    i.TxFifo_Put        uart0int.o
    0x00000d20   0x00000d20   0x00000018   Code   RO          719    i.TxFifo_Size       uart0int.o
    0x00000d38   0x00000d38   0x00000058   Code   RO          720    i.UART0_Handler     uart0int.o
    0x00000d90   0x00000d90   0x000000c8   Code   RO          727    i.UART_Init         uart0int.o
    0x00000e58   0x00000e58   0x00000034   Code   RO          728    i.UART_OutChar      uart0int.o
    0x00000e8c   0x00000e8c   0x00000018   Code   RO         1152    i.WideTimer0A_Handler  wtimer0a.o
    0x00000ea4   0x00000ea4   0x00000010   Code   RO         1449    i.__0printf$bare    mc_w.l(printfb.o)
    0x00000eb4   0x00000eb4   0x0000000e   Code   RO         1752    i.__scatterload_copy  mc_w.l(handlers.o)
    0x00000ec2   0x00000ec2   0x00000002   Code   RO         1753    i.__scatterload_null  mc_w.l(handlers.o)
    0x00000ec4   0x00000ec4   0x0000000e   Code   RO         1754    i.__scatterload_zeroinit  mc_w.l(handlers.o)
    0x00000ed2   0x00000ed2   0x00000022   Code   RO         1456    i._printf_core      mc_w.l(printfb.o)
    0x00000ef4   0x00000ef4   0x00000056   Code   RO          477    i.commandList       st7735.o
    0x00000f4a   0x00000f4a   0x00000002   PAD
    0x00000f4c   0x00000f4c   0x0000018c   Code   RO          478    i.commonInit        st7735.o
    0x000010d8   0x000010d8   0x0000002c   Code   RO          734    i.copyHardwareToSoftware  uart0int.o
    0x00001104   0x00001104   0x0000002c   Code   RO          735    i.copySoftwareToHardware  uart0int.o
    0x00001130   0x00001130   0x00000004   Code   RO         1314    i.eFile_WClose      efile.o
    0x00001134   0x00001134   0x00000006   Code   RO         1316    i.eFile_Write       efile.o
    0x0000113a   0x0000113a   0x00000002   PAD
    0x0000113c   0x0000113c   0x00000048   Code   RO          479    i.fillmessage       st7735.o
    0x00001184   0x00001184   0x00000080   Code   RO          481    i.fillmessage5      st7735.o
    0x00001204   0x00001204   0x00000030   Code   RO          107    i.fputc             os.o
    0x00001234   0x00001234   0x00000010   Code   RO          108    i.incrementMS       os.o
    0x00001244   0x00001244   0x00000054   Code   RO           13    i.main              lab1.o
    0x00001298   0x00001298   0x00000012   Code   RO          482    i.pushColor         st7735.o
    0x000012aa   0x000012aa   0x00000002   PAD
    0x000012ac   0x000012ac   0x00000074   Code   RO          483    i.setAddrWindow     st7735.o
    0x00001320   0x00001320   0x00000050   Code   RO          484    i.writecommand      st7735.o
    0x00001370   0x00001370   0x00000054   Code   RO          485    i.writedata         st7735.o
    0x000013c4   0x000013c4   0x00000842   Data   RO          487    .constdata          st7735.o
    0x00001c06   0x00001c06   0x00000002   PAD
    0x00001c08   0x00001c08   0x00000040   Data   RO         1111    .constdata          irdistance.o
    0x00001c48   0x00001c48   0x00000020   Data   RO         1750    Region$$Table       anon$$obj.o


    Execution Region ER_RW (Exec base: 0x20000000, Load base: 0x00001c68, Size: 0x00000108, Max: 0xffffffff, ABSOLUTE)

    Exec Addr    Load Addr    Size         Type   Attr      Idx    E Section Name        Object

    0x20000000   0x00001c68   0x00000010   Data   RW           14    .data               lab1.o
    0x20000010   0x00001c78   0x0000000c   Data   RW          111    .data               os.o
    0x2000001c   0x00001c84   0x00000030   Data   RW          488    .data               st7735.o
    0x2000004c   0x00001cb4   0x00000010   Data   RW          737    .data               uart0int.o
    0x2000005c   0x00001cc4   0x0000009c   Data   RW          981    .data               lpf.o
    0x200000f8   0x00001d60   0x00000004   Data   RW         1128    .data               timer4a.o
    0x200000fc   0x00001d64   0x00000004   Data   RW         1155    .data               wtimer0a.o
    0x20000100   0x00001d68   0x00000004   Data   RW         1419    .data               timer5a.o
    0x20000104   0x00001d6c   0x00000004   Data   RW         1724    .data               mc_w.l(stdout.o)


    Execution Region ER_ZI (Exec base: 0x20000108, Load base: 0x00001d70, Size: 0x00000c10, Max: 0xffffffff, ABSOLUTE)

    Exec Addr    Load Addr    Size         Type   Attr      Idx    E Section Name        Object

    0x20000108        -       0x0000000c   Zero   RW          486    .bss                st7735.o
    0x20000114        -       0x00000800   Zero   RW          736    .bss                uart0int.o
    0x20000914   0x00001d70   0x00000004   PAD
    0x20000918        -       0x00000400   Zero   RW            1    STACK               startup.o


==============================================================================

Image component sizes


      Code (inc. data)   RO Data    RW Data    ZI Data      Debug   Object Name

        10          0          0          0          0        928   adc.o
       140         22          0          0          0        454   edisk.o
        10          0          0          0          0        961   efile.o
        64         18         64          0          0       1175   irdistance.o
       188         38          0         16          0       5688   lab1.o
        92         22          0          0          0        449   launchpad.o
       128         14          0        156          0       2869   lpf.o
       142         32          0         12          0       7354   os.o
       124          4          0          0          0        471   pll.o
      2374        300       2114         48         12      16421   st7735.o
       672        622          0          0       1024        988   startup.o
       120         30          0          4          0       1581   timer4a.o
       120         28          0          4          0       1581   timer5a.o
       696        122          0         16       2048       7436   uart0int.o
        24          8          0          4          0       1018   wtimer0a.o

    ----------------------------------------------------------------------
      4920       1260       2212        260       3088      49374   Object Totals
         0          0         32          0          0          0   (incl. Generated)
        16          0          2          0          4          0   (incl. Padding)

    ----------------------------------------------------------------------

      Code (inc. data)   RO Data    RW Data    ZI Data      Debug   Library Member Name

         0          0          0          0          0          0   entry.o
         0          0          0          0          0          0   entry10a.o
         0          0          0          0          0          0   entry11a.o
         4          0          0          0          0          0   entry12b.o
         8          4          0          0          0          0   entry2.o
         4          0          0          0          0          0   entry5.o
         0          0          0          0          0          0   entry7b.o
         0          0          0          0          0          0   entry8b.o
         8          4          0          0          0          0   entry9a.o
        30          0          0          0          0          0   handlers.o
        36          8          0          0          0         68   init.o
        50          8          0          0          0        152   printfb.o
         0          0          0          4          0          0   stdout.o

    ----------------------------------------------------------------------
       140         24          0          4          0        220   Library Totals
         0          0          0          0          0          0   (incl. Padding)

    ----------------------------------------------------------------------

      Code (inc. data)   RO Data    RW Data    ZI Data      Debug   Library Name

       140         24          0          4          0        220   mc_w.l

    ----------------------------------------------------------------------
       140         24          0          4          0        220   Library Totals

    ----------------------------------------------------------------------

==============================================================================


      Code (inc. data)   RO Data    RW Data    ZI Data      Debug   

      5060       1284       2212        264       3088      47042   Grand Totals
      5060       1284       2212        264       3088      47042   ELF Image Totals
      5060       1284       2212        264          0          0   ROM Totals

==============================================================================

    Total RO  Size (Code + RO Data)                 7272 (   7.10kB)
    Total RW  Size (RW Data + ZI Data)              3352 (   3.27kB)
    Total ROM Size (Code + RO Data + RW Data)       7536 (   7.36kB)

==============================================================================

